{
  "nodes" : [ {
    "id" : 17871694360082268,
    "text" : "I am relatively new to Instagram and find it very engaging. Well done.",
    "createdAt" : 1498766521000,
    "owner" : {
      "id" : 4210614180,
      "username" : "steigradart",
      "profilePicUrl" : "https://instagram.fhel3-1.fna.fbcdn.net/t51.2885-19/s150x150/15534953_812373152244264_7350445070899740672_a.jpg"
    }
  }, {
    "id" : 17886629020027727,
    "text" : "❤️❤️❤️❤️❤️",
    "createdAt" : 1498890393000,
    "owner" : {
      "id" : 5508465695,
      "username" : "vinicius.mahfuz",
      "profilePicUrl" : "https://instagram.fhel3-1.fna.fbcdn.net/t51.2885-19/s150x150/19424841_489036208102727_7960344394165387264_a.jpg"
    }
  }, {
    "id" : 17874839014109616,
    "text" : "😍😍😍😍😍😍😍😍😍😍😍😍😍😍😍😍😍😍😍😍",
    "createdAt" : 1498945597000,
    "owner" : {
      "id" : 1637559197,
      "username" : "milobobbs",
      "profilePicUrl" : "https://instagram.fhel3-1.fna.fbcdn.net/t51.2885-19/s150x150/18160670_1895370380675770_2142621010581520384_a.jpg"
    }
  }, {
    "id" : 17886122980069435,
    "text" : "👍🏻",
    "createdAt" : 1501920993000,
    "owner" : {
      "id" : 3541173817,
      "username" : "_.fioree._",
      "profilePicUrl" : "https://instagram.fhel3-1.fna.fbcdn.net/t51.2885-19/s150x150/21371748_1951546115089208_6138922804873003008_a.jpg"
    }
  }, {
    "id" : 17866756099173948,
    "text" : "awww, just want to smoosh that face with hugs",
    "createdAt" : 1502768283000,
    "owner" : {
      "id" : 2188429496,
      "username" : "swartzwerk",
      "profilePicUrl" : "https://instagram.fhel3-1.fna.fbcdn.net/t51.2885-19/s150x150/11856658_1071471059532249_117631722_a.jpg"
    }
  }, {
    "id" : 17895454909001889,
    "text" : "❤️💝❤️💝❤️",
    "createdAt" : 1503343119000,
    "owner" : {
      "id" : 4015037837,
      "username" : "rosycloudband",
      "profilePicUrl" : "https://instagram.fhel3-1.fna.fbcdn.net/t51.2885-19/s150x150/18094798_225640117917959_1008321195679940608_a.jpg"
    }
  }, {
    "id" : 17843029312200049,
    "text" : "🐾💕",
    "createdAt" : 1506818529000,
    "owner" : {
      "id" : 235473815,
      "username" : "jimmypaintz",
      "profilePicUrl" : "https://instagram.fhel3-1.fna.fbcdn.net/t51.2885-19/s150x150/22639337_114004196029205_7982558201243500544_n.jpg"
    }
  }, {
    "id" : 17890213315128479,
    "text" : "We travel all around the united states with our dog @ichigo_bamboobikeworldtour ❤️",
    "createdAt" : 1507665008000,
    "owner" : {
      "id" : 3545267815,
      "username" : "bamboobikeworldtour",
      "profilePicUrl" : "https://instagram.fhel3-1.fna.fbcdn.net/t51.2885-19/s150x150/18162131_128708434342763_389732694012985344_a.jpg"
    }
  }, {
    "id" : 17905574245058490,
    "text" : "#pawprintsonmyheart #pawfectlyorganic",
    "createdAt" : 1508360499000,
    "owner" : {
      "id" : 2253849887,
      "username" : "rudeboi_kujoe_foreigon",
      "profilePicUrl" : "https://instagram.fhel3-1.fna.fbcdn.net/t51.2885-19/s150x150/18809168_1730678566948710_9069310606464516096_a.jpg"
    }
  }, {
    "id" : 17892906373122054,
    "text" : "nice!",
    "createdAt" : 1509705436000,
    "owner" : {
      "id" : 6142434323,
      "username" : "t1000skynet2",
      "profilePicUrl" : "https://scontent-mxp1-1.cdninstagram.com/t51.2885-19/11906329_960233084022564_1448528159_a.jpg"
    }
  }, {
    "id" : 17882196199143805,
    "text" : "nice!",
    "createdAt" : 1509706407000,
    "owner" : {
      "id" : 6142434323,
      "username" : "t1000skynet2",
      "profilePicUrl" : "https://scontent-mxp1-1.cdninstagram.com/t51.2885-19/11906329_960233084022564_1448528159_a.jpg"
    }
  }, {
    "id" : 17908143361018894,
    "text" : "nice!",
    "createdAt" : 1509892394000,
    "owner" : {
      "id" : 6142434323,
      "username" : "t1000skynet2",
      "profilePicUrl" : "https://scontent-mxp1-1.cdninstagram.com/t51.2885-19/11906329_960233084022564_1448528159_a.jpg"
    }
  }, {
    "id" : 17882011561186965,
    "text" : "nice!",
    "createdAt" : 1509892435000,
    "owner" : {
      "id" : 6142434323,
      "username" : "t1000skynet2",
      "profilePicUrl" : "https://scontent-mxp1-1.cdninstagram.com/t51.2885-19/11906329_960233084022564_1448528159_a.jpg"
    }
  }, {
    "id" : 17848199971217416,
    "text" : "Guk guk sweet",
    "createdAt" : 1510555633000,
    "owner" : {
      "id" : 5949013097,
      "username" : "udinachmad0409",
      "profilePicUrl" : "https://instagram.fhel3-1.fna.fbcdn.net/t51.2885-19/s150x150/21107470_346834975760579_8424970546042634240_a.jpg"
    }
  }, {
    "id" : 17907965815004741,
    "text" : "So cute",
    "createdAt" : 1510733198000,
    "owner" : {
      "id" : 1321959242,
      "username" : "portilloo.katie",
      "profilePicUrl" : "https://instagram.fhel3-1.fna.fbcdn.net/t51.2885-19/s150x150/23279645_748047218711787_39171763891863552_n.jpg"
    }
  } ],
  "count" : 483,
  "pageInfo" : {
    "hasNextPage" : true,
    "endCursor" : "AQC-wV2K_a28jTAbtjGQqocCDWAfSriMfYofER2actio_P677438VCsLny34oqpgipRDn98XidWtYsbktDOTxJN2ao9ONKHAzs3PgGGUn__jgQ"
  }
}