{
  "id" : 3,
  "username" : "kevin",
  "fullName" : "Kevin Systrom",
  "isPrivate" : false,
  "isVerified" : true,
  "biography" : "CEO & Co-founder of Instagram",
  "followedBy" : 1492539,
  "follows" : 628,
  "blockedByViewer" : "false",
  "countryBlock" : false,
  "followedByViewer" : false,
  "followsViewer" : false,
  "hasBlockedViewer" : false,
  "hasRequestedViewer" : false,
  "profilePicUrl" : "https://instagram.fhel3-1.fna.fbcdn.net/t51.2885-19/s150x150/13732144_1764457777134045_549538515_a.jpg",
  "profilePicUrlHd" : "https://instagram.fhel3-1.fna.fbcdn.net/t51.2885-19/s150x150/13732144_1764457777134045_549538515_a.jpg",
  "requestedByViewer" : false,
  "media" : {
    "nodes" : [ {
      "mediaType" : "GraphImage",
      "id" : 1540360446136254648,
      "shortcode" : "BVgdaoiA4C4",
      "mediaResource" : {
        "height" : 755,
        "width" : 1080,
        "displayUrl" : "https://instagram.fhel3-1.fna.fbcdn.net/t51.2885-15/e35/19227158_1710225162611756_7649742843333836800_n.jpg",
        "displayResources" : [ {
          "src" : "https://instagram.fhel3-1.fna.fbcdn.net/t51.2885-15/s150x150/e35/c162.0.755.755/19227158_1710225162611756_7649742843333836800_n.jpg",
          "width" : 150,
          "height" : 150
        }, {
          "src" : "https://instagram.fhel3-1.fna.fbcdn.net/t51.2885-15/s240x240/e35/c162.0.755.755/19227158_1710225162611756_7649742843333836800_n.jpg",
          "width" : 240,
          "height" : 240
        }, {
          "src" : "https://instagram.fhel3-1.fna.fbcdn.net/t51.2885-15/s320x320/e35/c162.0.755.755/19227158_1710225162611756_7649742843333836800_n.jpg",
          "width" : 320,
          "height" : 320
        }, {
          "src" : "https://instagram.fhel3-1.fna.fbcdn.net/t51.2885-15/s480x480/e35/c162.0.755.755/19227158_1710225162611756_7649742843333836800_n.jpg",
          "width" : 480,
          "height" : 480
        }, {
          "src" : "https://instagram.fhel3-1.fna.fbcdn.net/t51.2885-15/s640x640/sh0.08/e35/c162.0.755.755/19227158_1710225162611756_7649742843333836800_n.jpg",
          "width" : 640,
          "height" : 640
        } ],
        "isVideo" : false
      },
      "caption" : "Happy Father's Day @doug!!! Here's to the guy who taught me to follow my passions and live life to its fullest. Speaking of which, this is us zooming around in the #cobra this morning for a Father's Day spin!",
      "commentCount" : 157,
      "commentsDisabled" : false,
      "takenAtTimestamp" : 1497845296000,
      "likeCount" : 6865,
      "owner" : {
        "id" : 3,
        "username" : "kevin",
        "fullName" : "Kevin Systrom",
        "isPrivate" : false,
        "isVerified" : true,
        "biography" : "CEO & Co-founder of Instagram",
        "followedBy" : 1492539,
        "follows" : 628,
        "blockedByViewer" : "false",
        "countryBlock" : false,
        "followedByViewer" : false,
        "followsViewer" : false,
        "hasBlockedViewer" : false,
        "hasRequestedViewer" : false,
        "profilePicUrl" : "https://instagram.fhel3-1.fna.fbcdn.net/t51.2885-19/s150x150/13732144_1764457777134045_549538515_a.jpg",
        "profilePicUrlHd" : "https://instagram.fhel3-1.fna.fbcdn.net/t51.2885-19/s150x150/13732144_1764457777134045_549538515_a.jpg",
        "requestedByViewer" : false
      }
    }, {
      "mediaType" : "GraphImage",
      "id" : 1536445123314127602,
      "shortcode" : "BVSjLMABRLy",
      "mediaResource" : {
        "height" : 1080,
        "width" : 1080,
        "displayUrl" : "https://instagram.fhel3-1.fna.fbcdn.net/t51.2885-15/e35/19052254_1918833725108340_8464011025669160960_n.jpg",
        "displayResources" : [ {
          "src" : "https://instagram.fhel3-1.fna.fbcdn.net/t51.2885-15/s150x150/e35/19052254_1918833725108340_8464011025669160960_n.jpg",
          "width" : 150,
          "height" : 150
        }, {
          "src" : "https://instagram.fhel3-1.fna.fbcdn.net/t51.2885-15/s240x240/e35/19052254_1918833725108340_8464011025669160960_n.jpg",
          "width" : 240,
          "height" : 240
        }, {
          "src" : "https://instagram.fhel3-1.fna.fbcdn.net/t51.2885-15/s320x320/e35/19052254_1918833725108340_8464011025669160960_n.jpg",
          "width" : 320,
          "height" : 320
        }, {
          "src" : "https://instagram.fhel3-1.fna.fbcdn.net/t51.2885-15/s480x480/e35/19052254_1918833725108340_8464011025669160960_n.jpg",
          "width" : 480,
          "height" : 480
        }, {
          "src" : "https://instagram.fhel3-1.fna.fbcdn.net/t51.2885-15/s640x640/sh0.08/e35/19052254_1918833725108340_8464011025669160960_n.jpg",
          "width" : 640,
          "height" : 640
        } ],
        "isVideo" : false
      },
      "caption" : "Starting today you can archive posts you've shared into a space that's only visible to you. Whether you want to keep moments or curate your profile, Archive gives you more flexibility. To archive, tap the “...” menu on a post and select “Archive.” Access these posts or add them back to your profile by tapping the Archive icon in your profile. Photo by @yelldesign",
      "commentCount" : 220,
      "commentsDisabled" : false,
      "takenAtTimestamp" : 1497378553000,
      "likeCount" : 4348,
      "owner" : {
        "id" : 3,
        "username" : "kevin",
        "fullName" : "Kevin Systrom",
        "isPrivate" : false,
        "isVerified" : true,
        "biography" : "CEO & Co-founder of Instagram",
        "followedBy" : 1492539,
        "follows" : 628,
        "blockedByViewer" : "false",
        "countryBlock" : false,
        "followedByViewer" : false,
        "followsViewer" : false,
        "hasBlockedViewer" : false,
        "hasRequestedViewer" : false,
        "profilePicUrl" : "https://instagram.fhel3-1.fna.fbcdn.net/t51.2885-19/s150x150/13732144_1764457777134045_549538515_a.jpg",
        "profilePicUrlHd" : "https://instagram.fhel3-1.fna.fbcdn.net/t51.2885-19/s150x150/13732144_1764457777134045_549538515_a.jpg",
        "requestedByViewer" : false
      }
    }, {
      "mediaType" : "GraphImage",
      "id" : 1535920683874378402,
      "shortcode" : "BVQr7ltgeKi",
      "mediaResource" : {
        "height" : 820,
        "width" : 1080,
        "displayUrl" : "https://instagram.fhel3-1.fna.fbcdn.net/t51.2885-15/e35/19051440_333207977113393_3878218244082892800_n.jpg",
        "displayResources" : [ {
          "src" : "https://instagram.fhel3-1.fna.fbcdn.net/t51.2885-15/s150x150/e35/c130.0.820.820/19051440_333207977113393_3878218244082892800_n.jpg",
          "width" : 150,
          "height" : 150
        }, {
          "src" : "https://instagram.fhel3-1.fna.fbcdn.net/t51.2885-15/s240x240/e35/c130.0.820.820/19051440_333207977113393_3878218244082892800_n.jpg",
          "width" : 240,
          "height" : 240
        }, {
          "src" : "https://instagram.fhel3-1.fna.fbcdn.net/t51.2885-15/s320x320/e35/c130.0.820.820/19051440_333207977113393_3878218244082892800_n.jpg",
          "width" : 320,
          "height" : 320
        }, {
          "src" : "https://instagram.fhel3-1.fna.fbcdn.net/t51.2885-15/s480x480/e35/c130.0.820.820/19051440_333207977113393_3878218244082892800_n.jpg",
          "width" : 480,
          "height" : 480
        }, {
          "src" : "https://instagram.fhel3-1.fna.fbcdn.net/t51.2885-15/s640x640/sh0.08/e35/c130.0.820.820/19051440_333207977113393_3878218244082892800_n.jpg",
          "width" : 640,
          "height" : 640
        } ],
        "isVideo" : false
      },
      "caption" : "This past weekend I was visiting Boston for my friend's wedding and I decided to go for a ride down memory lane. I biked from my hotel out to Concord to see my high school. It's still just as beautiful as I remember it!",
      "commentCount" : 154,
      "commentsDisabled" : false,
      "takenAtTimestamp" : 1497316035000,
      "likeCount" : 8369,
      "owner" : {
        "id" : 3,
        "username" : "kevin",
        "fullName" : "Kevin Systrom",
        "isPrivate" : false,
        "isVerified" : true,
        "biography" : "CEO & Co-founder of Instagram",
        "followedBy" : 1492539,
        "follows" : 628,
        "blockedByViewer" : "false",
        "countryBlock" : false,
        "followedByViewer" : false,
        "followsViewer" : false,
        "hasBlockedViewer" : false,
        "hasRequestedViewer" : false,
        "profilePicUrl" : "https://instagram.fhel3-1.fna.fbcdn.net/t51.2885-19/s150x150/13732144_1764457777134045_549538515_a.jpg",
        "profilePicUrlHd" : "https://instagram.fhel3-1.fna.fbcdn.net/t51.2885-19/s150x150/13732144_1764457777134045_549538515_a.jpg",
        "requestedByViewer" : false
      }
    }, {
      "mediaType" : "GraphImage",
      "id" : 1522713853082194922,
      "shortcode" : "BUhxC6Dh9Pq",
      "mediaResource" : {
        "height" : 1080,
        "width" : 1080,
        "displayUrl" : "https://instagram.fhel3-1.fna.fbcdn.net/t51.2885-15/e35/18721819_1541216135890681_8011149394806046720_n.jpg",
        "displayResources" : [ {
          "src" : "https://instagram.fhel3-1.fna.fbcdn.net/t51.2885-15/s150x150/e35/18721819_1541216135890681_8011149394806046720_n.jpg",
          "width" : 150,
          "height" : 150
        }, {
          "src" : "https://instagram.fhel3-1.fna.fbcdn.net/t51.2885-15/s240x240/e35/18721819_1541216135890681_8011149394806046720_n.jpg",
          "width" : 240,
          "height" : 240
        }, {
          "src" : "https://instagram.fhel3-1.fna.fbcdn.net/t51.2885-15/s320x320/e35/18721819_1541216135890681_8011149394806046720_n.jpg",
          "width" : 320,
          "height" : 320
        }, {
          "src" : "https://instagram.fhel3-1.fna.fbcdn.net/t51.2885-15/s480x480/e35/18721819_1541216135890681_8011149394806046720_n.jpg",
          "width" : 480,
          "height" : 480
        }, {
          "src" : "https://instagram.fhel3-1.fna.fbcdn.net/t51.2885-15/s640x640/sh0.08/e35/18721819_1541216135890681_8011149394806046720_n.jpg",
          "width" : 640,
          "height" : 640
        } ],
        "isVideo" : false
      },
      "caption" : "Yesterday, LA Mayor @ericgarcetti visited Instagram HQ to talk to our team about how Instagram helps him connect with Angelenos, strengthen relationships within the LA community, and share his love for his city with the world. It was inspiring to meet Mayor Garcetti because he is one of the most active elected officials on Instagram. We love seeing how he captures his city and its people in his photography and shares his life as Mayor with our community. I’m excited to see how his leadership and hard work continues to shape Los Angeles.",
      "commentCount" : 1436,
      "commentsDisabled" : false,
      "takenAtTimestamp" : 1495741658000,
      "likeCount" : 7651,
      "owner" : {
        "id" : 3,
        "username" : "kevin",
        "fullName" : "Kevin Systrom",
        "isPrivate" : false,
        "isVerified" : true,
        "biography" : "CEO & Co-founder of Instagram",
        "followedBy" : 1492539,
        "follows" : 628,
        "blockedByViewer" : "false",
        "countryBlock" : false,
        "followedByViewer" : false,
        "followsViewer" : false,
        "hasBlockedViewer" : false,
        "hasRequestedViewer" : false,
        "profilePicUrl" : "https://instagram.fhel3-1.fna.fbcdn.net/t51.2885-19/s150x150/13732144_1764457777134045_549538515_a.jpg",
        "profilePicUrlHd" : "https://instagram.fhel3-1.fna.fbcdn.net/t51.2885-19/s150x150/13732144_1764457777134045_549538515_a.jpg",
        "requestedByViewer" : false
      }
    }, {
      "mediaType" : "GraphImage",
      "id" : 1510540850646530564,
      "shortcode" : "BT2hOaFgLoE",
      "mediaResource" : {
        "height" : 1080,
        "width" : 1080,
        "displayUrl" : "https://instagram.fhel3-1.fna.fbcdn.net/t51.2885-15/e35/18380635_721643191375765_8024407787050106880_n.jpg",
        "displayResources" : [ {
          "src" : "https://instagram.fhel3-1.fna.fbcdn.net/t51.2885-15/s150x150/e35/18380635_721643191375765_8024407787050106880_n.jpg",
          "width" : 150,
          "height" : 150
        }, {
          "src" : "https://instagram.fhel3-1.fna.fbcdn.net/t51.2885-15/s240x240/e35/18380635_721643191375765_8024407787050106880_n.jpg",
          "width" : 240,
          "height" : 240
        }, {
          "src" : "https://instagram.fhel3-1.fna.fbcdn.net/t51.2885-15/s320x320/e35/18380635_721643191375765_8024407787050106880_n.jpg",
          "width" : 320,
          "height" : 320
        }, {
          "src" : "https://instagram.fhel3-1.fna.fbcdn.net/t51.2885-15/s480x480/e35/18380635_721643191375765_8024407787050106880_n.jpg",
          "width" : 480,
          "height" : 480
        }, {
          "src" : "https://instagram.fhel3-1.fna.fbcdn.net/t51.2885-15/s640x640/sh0.08/e35/18380635_721643191375765_8024407787050106880_n.jpg",
          "width" : 640,
          "height" : 640
        } ],
        "isVideo" : false
      },
      "caption" : "Thanks to Vice Admiral Ted Carter and the United States Naval Academy for hosting me last week in Annapolis. I learned a lot about how the USNA thinks about innovation and leadership, and I was inspired by how they pay tribute to their rich history with traditions. One of their traditions is Senior Capstone Day where seniors show off their engineering projects. My favorite project was by a group of students who built an F1 style race car from scratch (pictured here). It was inspiring to meet this next generation of leaders. I learned so much and I can't wait to bring back lessons of leadership, innovation and tradition to IG.",
      "commentCount" : 854,
      "commentsDisabled" : false,
      "takenAtTimestamp" : 1494290523000,
      "likeCount" : 6271,
      "owner" : {
        "id" : 3,
        "username" : "kevin",
        "fullName" : "Kevin Systrom",
        "isPrivate" : false,
        "isVerified" : true,
        "biography" : "CEO & Co-founder of Instagram",
        "followedBy" : 1492539,
        "follows" : 628,
        "blockedByViewer" : "false",
        "countryBlock" : false,
        "followedByViewer" : false,
        "followsViewer" : false,
        "hasBlockedViewer" : false,
        "hasRequestedViewer" : false,
        "profilePicUrl" : "https://instagram.fhel3-1.fna.fbcdn.net/t51.2885-19/s150x150/13732144_1764457777134045_549538515_a.jpg",
        "profilePicUrlHd" : "https://instagram.fhel3-1.fna.fbcdn.net/t51.2885-19/s150x150/13732144_1764457777134045_549538515_a.jpg",
        "requestedByViewer" : false
      }
    }, {
      "mediaType" : "GraphImage",
      "id" : 1506171252069441257,
      "shortcode" : "BTm_sYSgR7p",
      "mediaResource" : {
        "height" : 1349,
        "width" : 1080,
        "displayUrl" : "https://instagram.fhel3-1.fna.fbcdn.net/t51.2885-15/e35/18298426_201182127059220_7202852548452024320_n.jpg",
        "displayResources" : [ {
          "src" : "https://instagram.fhel3-1.fna.fbcdn.net/t51.2885-15/s150x150/e35/c0.134.1080.1080/18298426_201182127059220_7202852548452024320_n.jpg",
          "width" : 150,
          "height" : 150
        }, {
          "src" : "https://instagram.fhel3-1.fna.fbcdn.net/t51.2885-15/s240x240/e35/c0.134.1080.1080/18298426_201182127059220_7202852548452024320_n.jpg",
          "width" : 240,
          "height" : 240
        }, {
          "src" : "https://instagram.fhel3-1.fna.fbcdn.net/t51.2885-15/s320x320/e35/c0.134.1080.1080/18298426_201182127059220_7202852548452024320_n.jpg",
          "width" : 320,
          "height" : 320
        }, {
          "src" : "https://instagram.fhel3-1.fna.fbcdn.net/t51.2885-15/s480x480/e35/c0.134.1080.1080/18298426_201182127059220_7202852548452024320_n.jpg",
          "width" : 480,
          "height" : 480
        }, {
          "src" : "https://instagram.fhel3-1.fna.fbcdn.net/t51.2885-15/s640x640/sh0.08/e35/c0.134.1080.1080/18298426_201182127059220_7202852548452024320_n.jpg",
          "width" : 640,
          "height" : 640
        } ],
        "isVideo" : false
      },
      "caption" : "Last night @Nicole and I attended the #metgala with my cofounder @mikeyk and his wife @kaitlyn - every now and then us Silicon Valley folks like to hang up our hoodies and throw on a tux. You can watch my story for more behind the scenes fun!",
      "commentCount" : 234,
      "commentsDisabled" : false,
      "takenAtTimestamp" : 1493769626000,
      "likeCount" : 11610,
      "owner" : {
        "id" : 3,
        "username" : "kevin",
        "fullName" : "Kevin Systrom",
        "isPrivate" : false,
        "isVerified" : true,
        "biography" : "CEO & Co-founder of Instagram",
        "followedBy" : 1492539,
        "follows" : 628,
        "blockedByViewer" : "false",
        "countryBlock" : false,
        "followedByViewer" : false,
        "followsViewer" : false,
        "hasBlockedViewer" : false,
        "hasRequestedViewer" : false,
        "profilePicUrl" : "https://instagram.fhel3-1.fna.fbcdn.net/t51.2885-19/s150x150/13732144_1764457777134045_549538515_a.jpg",
        "profilePicUrlHd" : "https://instagram.fhel3-1.fna.fbcdn.net/t51.2885-19/s150x150/13732144_1764457777134045_549538515_a.jpg",
        "requestedByViewer" : false
      }
    }, {
      "mediaType" : "GraphImage",
      "id" : 1504444947754090881,
      "shortcode" : "BTg3LWHA4GB",
      "mediaResource" : {
        "height" : 809,
        "width" : 1080,
        "displayUrl" : "https://instagram.fhel3-1.fna.fbcdn.net/t51.2885-15/e35/18161016_1897928180421608_2334696071227244544_n.jpg",
        "displayResources" : [ {
          "src" : "https://instagram.fhel3-1.fna.fbcdn.net/t51.2885-15/s150x150/e35/c135.0.809.809/18161016_1897928180421608_2334696071227244544_n.jpg",
          "width" : 150,
          "height" : 150
        }, {
          "src" : "https://instagram.fhel3-1.fna.fbcdn.net/t51.2885-15/s240x240/e35/c135.0.809.809/18161016_1897928180421608_2334696071227244544_n.jpg",
          "width" : 240,
          "height" : 240
        }, {
          "src" : "https://instagram.fhel3-1.fna.fbcdn.net/t51.2885-15/s320x320/e35/c135.0.809.809/18161016_1897928180421608_2334696071227244544_n.jpg",
          "width" : 320,
          "height" : 320
        }, {
          "src" : "https://instagram.fhel3-1.fna.fbcdn.net/t51.2885-15/s480x480/e35/c135.0.809.809/18161016_1897928180421608_2334696071227244544_n.jpg",
          "width" : 480,
          "height" : 480
        }, {
          "src" : "https://instagram.fhel3-1.fna.fbcdn.net/t51.2885-15/s640x640/sh0.08/e35/c135.0.809.809/18161016_1897928180421608_2334696071227244544_n.jpg",
          "width" : 640,
          "height" : 640
        } ],
        "isVideo" : false
      },
      "caption" : "Channeling my inner @romanshotthis riding in NYC 👌🏻",
      "commentCount" : 206,
      "commentsDisabled" : false,
      "takenAtTimestamp" : 1493563835000,
      "likeCount" : 6336,
      "owner" : {
        "id" : 3,
        "username" : "kevin",
        "fullName" : "Kevin Systrom",
        "isPrivate" : false,
        "isVerified" : true,
        "biography" : "CEO & Co-founder of Instagram",
        "followedBy" : 1492539,
        "follows" : 628,
        "blockedByViewer" : "false",
        "countryBlock" : false,
        "followedByViewer" : false,
        "followsViewer" : false,
        "hasBlockedViewer" : false,
        "hasRequestedViewer" : false,
        "profilePicUrl" : "https://instagram.fhel3-1.fna.fbcdn.net/t51.2885-19/s150x150/13732144_1764457777134045_549538515_a.jpg",
        "profilePicUrlHd" : "https://instagram.fhel3-1.fna.fbcdn.net/t51.2885-19/s150x150/13732144_1764457777134045_549538515_a.jpg",
        "requestedByViewer" : false
      }
    }, {
      "mediaType" : "GraphImage",
      "id" : 1503829851017198161,
      "shortcode" : "BTerUgogjpR",
      "mediaResource" : {
        "height" : 770,
        "width" : 1080,
        "displayUrl" : "https://instagram.fhel3-1.fna.fbcdn.net/t51.2885-15/e35/18252809_422204321473412_7605952426230677504_n.jpg",
        "displayResources" : [ {
          "src" : "https://instagram.fhel3-1.fna.fbcdn.net/t51.2885-15/s150x150/e35/c155.0.770.770/18252809_422204321473412_7605952426230677504_n.jpg",
          "width" : 150,
          "height" : 150
        }, {
          "src" : "https://instagram.fhel3-1.fna.fbcdn.net/t51.2885-15/s240x240/e35/c155.0.770.770/18252809_422204321473412_7605952426230677504_n.jpg",
          "width" : 240,
          "height" : 240
        }, {
          "src" : "https://instagram.fhel3-1.fna.fbcdn.net/t51.2885-15/s320x320/e35/c155.0.770.770/18252809_422204321473412_7605952426230677504_n.jpg",
          "width" : 320,
          "height" : 320
        }, {
          "src" : "https://instagram.fhel3-1.fna.fbcdn.net/t51.2885-15/s480x480/e35/c155.0.770.770/18252809_422204321473412_7605952426230677504_n.jpg",
          "width" : 480,
          "height" : 480
        }, {
          "src" : "https://instagram.fhel3-1.fna.fbcdn.net/t51.2885-15/s640x640/sh0.08/e35/c155.0.770.770/18252809_422204321473412_7605952426230677504_n.jpg",
          "width" : 640,
          "height" : 640
        } ],
        "isVideo" : false
      },
      "caption" : "My favorite part of the week is when our entire company comes together for our weekly Q&A. @mikeyk and I talk about important moments of the week, small teams present projects and then we take questions from all IG employees. This weekly event allows us to have a culture of transparency and openness and I believe it makes us a better company. This Friday was the first time we ran Q&A from our NYC office. It was lots of fun and I can't wait to come back!",
      "commentCount" : 102,
      "commentsDisabled" : false,
      "takenAtTimestamp" : 1493490509000,
      "likeCount" : 4722,
      "owner" : {
        "id" : 3,
        "username" : "kevin",
        "fullName" : "Kevin Systrom",
        "isPrivate" : false,
        "isVerified" : true,
        "biography" : "CEO & Co-founder of Instagram",
        "followedBy" : 1492539,
        "follows" : 628,
        "blockedByViewer" : "false",
        "countryBlock" : false,
        "followedByViewer" : false,
        "followsViewer" : false,
        "hasBlockedViewer" : false,
        "hasRequestedViewer" : false,
        "profilePicUrl" : "https://instagram.fhel3-1.fna.fbcdn.net/t51.2885-19/s150x150/13732144_1764457777134045_549538515_a.jpg",
        "profilePicUrlHd" : "https://instagram.fhel3-1.fna.fbcdn.net/t51.2885-19/s150x150/13732144_1764457777134045_549538515_a.jpg",
        "requestedByViewer" : false
      }
    }, {
      "mediaType" : "GraphImage",
      "id" : 1503290978273055872,
      "shortcode" : "BTcwy4SA9SA",
      "mediaResource" : {
        "height" : 809,
        "width" : 1080,
        "displayUrl" : "https://instagram.fhel3-1.fna.fbcdn.net/t51.2885-15/e35/18013707_1687061714928573_3988957937086234624_n.jpg",
        "displayResources" : [ {
          "src" : "https://instagram.fhel3-1.fna.fbcdn.net/t51.2885-15/s150x150/e35/c135.0.809.809/18013707_1687061714928573_3988957937086234624_n.jpg",
          "width" : 150,
          "height" : 150
        }, {
          "src" : "https://instagram.fhel3-1.fna.fbcdn.net/t51.2885-15/s240x240/e35/c135.0.809.809/18013707_1687061714928573_3988957937086234624_n.jpg",
          "width" : 240,
          "height" : 240
        }, {
          "src" : "https://instagram.fhel3-1.fna.fbcdn.net/t51.2885-15/s320x320/e35/c135.0.809.809/18013707_1687061714928573_3988957937086234624_n.jpg",
          "width" : 320,
          "height" : 320
        }, {
          "src" : "https://instagram.fhel3-1.fna.fbcdn.net/t51.2885-15/s480x480/e35/c135.0.809.809/18013707_1687061714928573_3988957937086234624_n.jpg",
          "width" : 480,
          "height" : 480
        }, {
          "src" : "https://instagram.fhel3-1.fna.fbcdn.net/t51.2885-15/s640x640/sh0.08/e35/c135.0.809.809/18013707_1687061714928573_3988957937086234624_n.jpg",
          "width" : 640,
          "height" : 640
        } ],
        "isVideo" : false
      },
      "caption" : "It was so much fun going live with @theashleygraham today at Instagram HQ. We discussed her new book and kindness on Instagram. Thanks for dropping by Ashley!",
      "commentCount" : 108,
      "commentsDisabled" : false,
      "takenAtTimestamp" : 1493426271000,
      "likeCount" : 5794,
      "owner" : {
        "id" : 3,
        "username" : "kevin",
        "fullName" : "Kevin Systrom",
        "isPrivate" : false,
        "isVerified" : true,
        "biography" : "CEO & Co-founder of Instagram",
        "followedBy" : 1492539,
        "follows" : 628,
        "blockedByViewer" : "false",
        "countryBlock" : false,
        "followedByViewer" : false,
        "followsViewer" : false,
        "hasBlockedViewer" : false,
        "hasRequestedViewer" : false,
        "profilePicUrl" : "https://instagram.fhel3-1.fna.fbcdn.net/t51.2885-19/s150x150/13732144_1764457777134045_549538515_a.jpg",
        "profilePicUrlHd" : "https://instagram.fhel3-1.fna.fbcdn.net/t51.2885-19/s150x150/13732144_1764457777134045_549538515_a.jpg",
        "requestedByViewer" : false
      }
    }, {
      "mediaType" : "GraphImage",
      "id" : 1503038168260169056,
      "shortcode" : "BTb3UAnAE1g",
      "mediaResource" : {
        "height" : 720,
        "width" : 1080,
        "displayUrl" : "https://instagram.fhel3-1.fna.fbcdn.net/t51.2885-15/e35/18013513_1340647466014728_2110116221344022528_n.jpg",
        "displayResources" : [ {
          "src" : "https://instagram.fhel3-1.fna.fbcdn.net/t51.2885-15/s150x150/e35/c180.0.720.720/18013513_1340647466014728_2110116221344022528_n.jpg",
          "width" : 150,
          "height" : 150
        }, {
          "src" : "https://instagram.fhel3-1.fna.fbcdn.net/t51.2885-15/s240x240/e35/c180.0.720.720/18013513_1340647466014728_2110116221344022528_n.jpg",
          "width" : 240,
          "height" : 240
        }, {
          "src" : "https://instagram.fhel3-1.fna.fbcdn.net/t51.2885-15/s320x320/e35/c180.0.720.720/18013513_1340647466014728_2110116221344022528_n.jpg",
          "width" : 320,
          "height" : 320
        }, {
          "src" : "https://instagram.fhel3-1.fna.fbcdn.net/t51.2885-15/s480x480/e35/c180.0.720.720/18013513_1340647466014728_2110116221344022528_n.jpg",
          "width" : 480,
          "height" : 480
        }, {
          "src" : "https://instagram.fhel3-1.fna.fbcdn.net/t51.2885-15/s640x640/sh0.08/e35/c180.0.720.720/18013513_1340647466014728_2110116221344022528_n.jpg",
          "width" : 640,
          "height" : 640
        } ],
        "isVideo" : false
      },
      "caption" : "Our New York team is growing quickly and here are some of the awesome women leading the charge. They recently started a Women of IGNY group to support each other and grow together. These groups are important to Instagram's culture and I'm excited to see this group grow and thrive.",
      "commentCount" : 113,
      "commentsDisabled" : false,
      "takenAtTimestamp" : 1493396133000,
      "likeCount" : 5430,
      "owner" : {
        "id" : 3,
        "username" : "kevin",
        "fullName" : "Kevin Systrom",
        "isPrivate" : false,
        "isVerified" : true,
        "biography" : "CEO & Co-founder of Instagram",
        "followedBy" : 1492539,
        "follows" : 628,
        "blockedByViewer" : "false",
        "countryBlock" : false,
        "followedByViewer" : false,
        "followsViewer" : false,
        "hasBlockedViewer" : false,
        "hasRequestedViewer" : false,
        "profilePicUrl" : "https://instagram.fhel3-1.fna.fbcdn.net/t51.2885-19/s150x150/13732144_1764457777134045_549538515_a.jpg",
        "profilePicUrlHd" : "https://instagram.fhel3-1.fna.fbcdn.net/t51.2885-19/s150x150/13732144_1764457777134045_549538515_a.jpg",
        "requestedByViewer" : false
      }
    }, {
      "mediaType" : "GraphImage",
      "id" : 1502613137818627724,
      "shortcode" : "BTaWrAKg66M",
      "mediaResource" : {
        "height" : 1080,
        "width" : 1080,
        "displayUrl" : "https://instagram.fhel3-1.fna.fbcdn.net/t51.2885-15/e35/18094970_1319128681512142_4261223000675713024_n.jpg",
        "displayResources" : [ {
          "src" : "https://instagram.fhel3-1.fna.fbcdn.net/t51.2885-15/s150x150/e35/18094970_1319128681512142_4261223000675713024_n.jpg",
          "width" : 150,
          "height" : 150
        }, {
          "src" : "https://instagram.fhel3-1.fna.fbcdn.net/t51.2885-15/s240x240/e35/18094970_1319128681512142_4261223000675713024_n.jpg",
          "width" : 240,
          "height" : 240
        }, {
          "src" : "https://instagram.fhel3-1.fna.fbcdn.net/t51.2885-15/s320x320/e35/18094970_1319128681512142_4261223000675713024_n.jpg",
          "width" : 320,
          "height" : 320
        }, {
          "src" : "https://instagram.fhel3-1.fna.fbcdn.net/t51.2885-15/s480x480/e35/18094970_1319128681512142_4261223000675713024_n.jpg",
          "width" : 480,
          "height" : 480
        }, {
          "src" : "https://instagram.fhel3-1.fna.fbcdn.net/t51.2885-15/s640x640/sh0.08/e35/18094970_1319128681512142_4261223000675713024_n.jpg",
          "width" : 640,
          "height" : 640
        } ],
        "isVideo" : false
      },
      "caption" : "Sometimes work means meeting with @emmaroberts and taking diligent notes on the world's tiniest laptop in the world's tiniest office 😂",
      "commentCount" : 131,
      "commentsDisabled" : false,
      "takenAtTimestamp" : 1493345466000,
      "likeCount" : 13433,
      "owner" : {
        "id" : 3,
        "username" : "kevin",
        "fullName" : "Kevin Systrom",
        "isPrivate" : false,
        "isVerified" : true,
        "biography" : "CEO & Co-founder of Instagram",
        "followedBy" : 1492539,
        "follows" : 628,
        "blockedByViewer" : "false",
        "countryBlock" : false,
        "followedByViewer" : false,
        "followsViewer" : false,
        "hasBlockedViewer" : false,
        "hasRequestedViewer" : false,
        "profilePicUrl" : "https://instagram.fhel3-1.fna.fbcdn.net/t51.2885-19/s150x150/13732144_1764457777134045_549538515_a.jpg",
        "profilePicUrlHd" : "https://instagram.fhel3-1.fna.fbcdn.net/t51.2885-19/s150x150/13732144_1764457777134045_549538515_a.jpg",
        "requestedByViewer" : false
      }
    }, {
      "mediaType" : "GraphImage",
      "id" : 1502404247436790728,
      "shortcode" : "BTZnLP1ggvI",
      "mediaResource" : {
        "height" : 1080,
        "width" : 1080,
        "displayUrl" : "https://instagram.fhel3-1.fna.fbcdn.net/t51.2885-15/e35/18013640_265019360568336_1530751701781315584_n.jpg",
        "displayResources" : [ {
          "src" : "https://instagram.fhel3-1.fna.fbcdn.net/t51.2885-15/s150x150/e35/18013640_265019360568336_1530751701781315584_n.jpg",
          "width" : 150,
          "height" : 150
        }, {
          "src" : "https://instagram.fhel3-1.fna.fbcdn.net/t51.2885-15/s240x240/e35/18013640_265019360568336_1530751701781315584_n.jpg",
          "width" : 240,
          "height" : 240
        }, {
          "src" : "https://instagram.fhel3-1.fna.fbcdn.net/t51.2885-15/s320x320/e35/18013640_265019360568336_1530751701781315584_n.jpg",
          "width" : 320,
          "height" : 320
        }, {
          "src" : "https://instagram.fhel3-1.fna.fbcdn.net/t51.2885-15/s480x480/e35/18013640_265019360568336_1530751701781315584_n.jpg",
          "width" : 480,
          "height" : 480
        }, {
          "src" : "https://instagram.fhel3-1.fna.fbcdn.net/t51.2885-15/s640x640/sh0.08/e35/18013640_265019360568336_1530751701781315584_n.jpg",
          "width" : 640,
          "height" : 640
        } ],
        "isVideo" : false
      },
      "caption" : "I sat with young IG stars in New York City today and talked about how to make Instagram a better, safer, more fun place for their communities — all while making monstrous milkshakes @bunsbar and capturing the whole messy, delicious process on our Stories. Pretty sweet. Huge thanks to all of our creative communities who have chosen Instagram as the place to share their stories.",
      "commentCount" : 127,
      "commentsDisabled" : false,
      "takenAtTimestamp" : 1493320564000,
      "likeCount" : 6246,
      "owner" : {
        "id" : 3,
        "username" : "kevin",
        "fullName" : "Kevin Systrom",
        "isPrivate" : false,
        "isVerified" : true,
        "biography" : "CEO & Co-founder of Instagram",
        "followedBy" : 1492539,
        "follows" : 628,
        "blockedByViewer" : "false",
        "countryBlock" : false,
        "followedByViewer" : false,
        "followsViewer" : false,
        "hasBlockedViewer" : false,
        "hasRequestedViewer" : false,
        "profilePicUrl" : "https://instagram.fhel3-1.fna.fbcdn.net/t51.2885-19/s150x150/13732144_1764457777134045_549538515_a.jpg",
        "profilePicUrlHd" : "https://instagram.fhel3-1.fna.fbcdn.net/t51.2885-19/s150x150/13732144_1764457777134045_549538515_a.jpg",
        "requestedByViewer" : false
      }
    } ],
    "count" : 1576,
    "pageInfo" : {
      "hasNextPage" : true,
      "endCursor" : "AQClcFPvchixNFdcT5AXOtpbnO6kyWpAwIPxIUeg7XXzdbmEwoFfJwAtgjSAqSm-I1r0qf9Z-nS0akANF66KC044xAxM9cjPj2WVM66-zsah7A"
    }
  }
}