{
  "mediaType" : "GraphImage",
  "id" : 1637864293687100074,
  "shortcode" : "Ba63OW3hAKq",
  "mediaResource" : {
    "height" : 862,
    "width" : 1080,
    "displayUrl" : "https://instagram.fhel3-1.fna.fbcdn.net/t51.2885-15/e35/22858203_520407981641736_3472075974680510464_n.jpg",
    "displayResources" : [ {
      "src" : "https://instagram.fhel3-1.fna.fbcdn.net/t51.2885-15/s640x640/sh0.08/e35/22858203_520407981641736_3472075974680510464_n.jpg",
      "width" : 640,
      "height" : 510
    }, {
      "src" : "https://instagram.fhel3-1.fna.fbcdn.net/t51.2885-15/s750x750/sh0.08/e35/22858203_520407981641736_3472075974680510464_n.jpg",
      "width" : 750,
      "height" : 598
    }, {
      "src" : "https://instagram.fhel3-1.fna.fbcdn.net/t51.2885-15/e35/22858203_520407981641736_3472075974680510464_n.jpg",
      "width" : 1080,
      "height" : 862
    } ],
    "isVideo" : false,
    "shouldLogClientEvent" : false,
    "trackingToken" : "eyJ2ZXJzaW9uIjo1LCJwYXlsb2FkIjp7ImlzX2FuYWx5dGljc190cmFja2VkIjp0cnVlLCJ1dWlkIjoiZmY2ODJiMDkxNTRjNDNkMDkxZmNmZmRhMjE5ZjQzOGQxNjM3ODY0MjkzNjg3MTAwMDc0In0sInNpZ25hdHVyZSI6IiJ9"
  },
  "caption" : "@Dolly wishes everyone a happy Halloween! üéÉ This year she asked to be a Lion but we really think she was angling for a bunch of new toys üòù",
  "commentCount" : 201,
  "commentPreview" : {
    "nodes" : [ {
      "id" : 17893521592101563,
      "text" : "‚ú®ü¶Å‚ú®üö≤",
      "createdAt" : 1509755865000,
      "owner" : {
        "id" : 225662678,
        "username" : "kor_nyc",
        "profilePicUrl" : "https://instagram.fhel3-1.fna.fbcdn.net/t51.2885-19/11849852_1674982952721844_259290101_a.jpg"
      }
    }, {
      "id" : 17894404579111022,
      "text" : "Please check your private messages",
      "createdAt" : 1509799315000,
      "owner" : {
        "id" : 2040580025,
        "username" : "done_asking",
        "profilePicUrl" : "https://instagram.fhel3-1.fna.fbcdn.net/t51.2885-19/s150x150/20589866_256215031537086_5372148349422010368_a.jpg"
      }
    }, {
      "id" : 17878533427163314,
      "text" : "Please try to give back a #dogsandmen group to @jezzebel ASAP, @kevin !!!",
      "createdAt" : 1509805436000,
      "owner" : {
        "id" : 2228304083,
        "username" : "margarita_shubochkina",
        "profilePicUrl" : "https://instagram.fhel3-1.fna.fbcdn.net/t51.2885-19/s150x150/12145327_775706919206593_197692799_a.jpg"
      }
    }, {
      "id" : 17906324407040994,
      "text" : "@margarita_shubochkina Awww thank you üòç",
      "createdAt" : 1509807727000,
      "owner" : {
        "id" : 592709,
        "username" : "jezzebel",
        "profilePicUrl" : "https://instagram.fhel3-1.fna.fbcdn.net/t51.2885-19/s150x150/22344758_1996025657327646_5533645463418306560_n.jpg"
      }
    }, {
      "id" : 17906311372058694,
      "text" : "Sooo cute",
      "createdAt" : 1509880947000,
      "owner" : {
        "id" : 403329457,
        "username" : "ghinwakmeid",
        "profilePicUrl" : "https://instagram.fhel3-1.fna.fbcdn.net/t51.2885-19/s150x150/22426922_1951176868240781_586428770102018048_n.jpg"
      }
    }, {
      "id" : 17849006368207831,
      "text" : "üëàüëàThank Uüå∏üå∏",
      "createdAt" : 1509882573000,
      "owner" : {
        "id" : 6327623161,
        "username" : "healingphotography",
        "profilePicUrl" : "https://instagram.fhel3-1.fna.fbcdn.net/t51.2885-19/s150x150/23417197_347204439085676_8797444244689125376_n.jpg"
      }
    }, {
      "id" : 17866046554194109,
      "text" : "kevin daddy can you help me",
      "createdAt" : 1509897283000,
      "owner" : {
        "id" : 310957936,
        "username" : "stopbumblebeeshaming",
        "profilePicUrl" : "https://scontent-syd2-1.cdninstagram.com/t51.2885-19/11906329_960233084022564_1448528159_a.jpg"
      }
    }, {
      "id" : 17848851763205042,
      "text" : "Lmao I love this Kevin",
      "createdAt" : 1509928113000,
      "owner" : {
        "id" : 6514478,
        "username" : "yayitsyanan",
        "profilePicUrl" : "https://instagram.fhel3-1.fna.fbcdn.net/t51.2885-19/s150x150/22709537_359340951185083_8535601898495934464_n.jpg"
      }
    }, {
      "id" : 17894060419100529,
      "text" : "Cutest lion pupper I have ever seen",
      "createdAt" : 1509931586000,
      "owner" : {
        "id" : 28303765,
        "username" : "artistcalledlo",
        "profilePicUrl" : "https://instagram.fhel3-1.fna.fbcdn.net/t51.2885-19/s150x150/22500626_1960978890857344_6522828297712173056_n.jpg"
      }
    }, {
      "id" : 17894592925110961,
      "text" : "üòÇ Oh my Lor.. Lion ! I had to look at least twiceüôà So funny. Greetings from Switzerland üá®üá≠ üëãüèΩ By the way, thanks for Instagram üòå",
      "createdAt" : 1510007319000,
      "owner" : {
        "id" : 5544484735,
        "username" : "yourswisseyes",
        "profilePicUrl" : "https://instagram.fhel3-1.fna.fbcdn.net/t51.2885-19/s150x150/23280047_156587688279677_3240323718391529472_n.jpg"
      }
    }, {
      "id" : 17890085386093164,
      "text" : "@megsjonessx",
      "createdAt" : 1510047128000,
      "owner" : {
        "id" : 568835497,
        "username" : "macca_cfc",
        "profilePicUrl" : "https://instagram.fhel3-1.fna.fbcdn.net/t51.2885-19/s150x150/21435394_470660576650860_9033678295056515072_a.jpg"
      }
    }, {
      "id" : 17883124981141156,
      "text" : "Lindo",
      "createdAt" : 1510050118000,
      "owner" : {
        "id" : 2923366539,
        "username" : "gabriellagongoraoficial",
        "profilePicUrl" : "https://instagram.fhel3-1.fna.fbcdn.net/t51.2885-19/s150x150/20582354_364182907333838_7587061012579221504_a.jpg"
      }
    }, {
      "id" : 17908083232026719,
      "text" : "ü§£ü§£ epiiic",
      "createdAt" : 1510131620000,
      "owner" : {
        "id" : 38939038,
        "username" : "jose_bodyboard",
        "profilePicUrl" : "https://instagram.fhel3-1.fna.fbcdn.net/t51.2885-19/925293_255480291312571_94586997_a.jpg"
      }
    }, {
      "id" : 17890076908088631,
      "text" : "Kevin y shut down Instagram ;-;",
      "createdAt" : 1510140017000,
      "owner" : {
        "id" : 3249071480,
        "username" : "toasterbxnny",
        "profilePicUrl" : "https://instagram.fhel3-1.fna.fbcdn.net/t51.2885-19/s150x150/23507194_146610502734840_2251563689268215808_n.jpg"
      }
    }, {
      "id" : 17906482852029257,
      "text" : "@kevin Please filter all the people inside and access the Instagram. The Iranians do not have the right to use the isentagram. Go to the tramp screw. Look full of mischief. And the Iranians have more blocks to handle, please",
      "createdAt" : 1510217913000,
      "owner" : {
        "id" : 3417420330,
        "username" : "alirezasalehi7698_freedom",
        "profilePicUrl" : "https://instagram.fhel3-1.fna.fbcdn.net/t51.2885-19/s150x150/19534253_287289098401774_1659215157152186368_a.jpg"
      }
    }, {
      "id" : 17907370729006603,
      "text" : "üòç",
      "createdAt" : 1510241080000,
      "owner" : {
        "id" : 1192715979,
        "username" : "m_akula___",
        "profilePicUrl" : "https://instagram.fhel3-1.fna.fbcdn.net/t51.2885-19/s150x150/23498742_1734254630213653_847310868982005760_n.jpg"
      }
    }, {
      "id" : 17879711032162626,
      "text" : "PLEASE HELP! @earringsusa is trying to grow our brand and we have not been able to follow anyone on IG please help--I have sent multiple messages and no one is even telling us what is wrong.  All we want is for someone to message us with instructions--thank you!",
      "createdAt" : 1510242493000,
      "owner" : {
        "id" : 6236119395,
        "username" : "earringsusa",
        "profilePicUrl" : "https://instagram.fhel3-1.fna.fbcdn.net/t51.2885-19/s150x150/22710909_1511699465613045_5707748336493133824_n.jpg"
      }
    }, {
      "id" : 17849615413203428,
      "text" : "Please check message inbox",
      "createdAt" : 1510252488000,
      "owner" : {
        "id" : 3274349638,
        "username" : "emilrm11",
        "profilePicUrl" : "https://instagram.fhel3-1.fna.fbcdn.net/t51.2885-19/s150x150/23161648_127172987956560_6015414268587933696_n.jpg"
      }
    }, {
      "id" : 17881636333147103,
      "text" : "Hahahhaaaa",
      "createdAt" : 1510260314000,
      "owner" : {
        "id" : 6283125036,
        "username" : "dreifarbenfotos",
        "profilePicUrl" : "https://instagram.fhel3-1.fna.fbcdn.net/t51.2885-19/s150x150/22709017_251633078696490_7298004430748647424_n.jpg"
      }
    }, {
      "id" : 17847756175218338,
      "text" : "@aliontherun1 did you see this",
      "createdAt" : 1510277889000,
      "owner" : {
        "id" : 392745428,
        "username" : "t_macdo",
        "profilePicUrl" : "https://instagram.fhel3-1.fna.fbcdn.net/t51.2885-19/10547323_491656430967332_349393178_a.jpg"
      }
    }, {
      "id" : 17847792406217591,
      "text" : "jjj",
      "createdAt" : 1510311104000,
      "owner" : {
        "id" : 5834545321,
        "username" : "alex_gianola_milla_sexy",
        "profilePicUrl" : "https://instagram.fhel3-1.fna.fbcdn.net/t51.2885-19/s150x150/21984950_487461191614185_4979578421488123904_n.jpg"
      }
    }, {
      "id" : 17897989966073483,
      "text" : "Nice lion costume friend.  And what an assortment of stuffed animals",
      "createdAt" : 1510330332000,
      "owner" : {
        "id" : 4903185112,
        "username" : "toretto_tesla",
        "profilePicUrl" : "https://instagram.fhel3-1.fna.fbcdn.net/t51.2885-19/s150x150/22710678_153438318596534_6357139656412233728_n.jpg"
      }
    }, {
      "id" : 17891106187095240,
      "text" : "Sparkling",
      "createdAt" : 1510360380000,
      "owner" : {
        "id" : 4283828523,
        "username" : "hoodies__sweaters",
        "profilePicUrl" : "https://instagram.fhel3-1.fna.fbcdn.net/t51.2885-19/s150x150/23347701_119145655524779_8663169011371999232_n.jpg"
      }
    }, {
      "id" : 17892832186125283,
      "text" : "Golden style, as yours",
      "createdAt" : 1510360891000,
      "owner" : {
        "id" : 4285055536,
        "username" : "hoodies.sweaters",
        "profilePicUrl" : "https://instagram.fhel3-1.fna.fbcdn.net/t51.2885-19/s150x150/23498348_162782280986334_1439114395517976576_n.jpg"
      }
    }, {
      "id" : 17892824926123008,
      "text" : "a princess",
      "createdAt" : 1510391213000,
      "owner" : {
        "id" : 4283828523,
        "username" : "hoodies__sweaters",
        "profilePicUrl" : "https://instagram.fhel3-1.fna.fbcdn.net/t51.2885-19/s150x150/23347701_119145655524779_8663169011371999232_n.jpg"
      }
    }, {
      "id" : 17848366087214715,
      "text" : "I also have to Golden‚Äôs that I love but I lost all my Instagram pictures please HELP",
      "createdAt" : 1510443312000,
      "owner" : {
        "id" : 13517066,
        "username" : "malexandrabueno",
        "profilePicUrl" : "https://instagram.fhel3-1.fna.fbcdn.net/t51.2885-19/s150x150/23507616_1568236573239941_1782529698354429952_n.jpg"
      }
    }, {
      "id" : 17901539638079864,
      "text" : "great",
      "createdAt" : 1510471746000,
      "owner" : {
        "id" : 2325951616,
        "username" : "devyn_ramnarain",
        "profilePicUrl" : "https://instagram.fhel3-1.fna.fbcdn.net/t51.2885-19/s150x150/23280142_1756373404382104_5117255264608714752_n.jpg"
      }
    }, {
      "id" : 17902737400064541,
      "text" : "Amazing music video - click the link in my bio",
      "createdAt" : 1510692683000,
      "owner" : {
        "id" : 4199946084,
        "username" : "kenyon_kenny",
        "profilePicUrl" : "https://instagram.fhel3-1.fna.fbcdn.net/t51.2885-19/s150x150/23101081_1987426984862272_4919490308598661120_n.jpg"
      }
    } ],
    "count" : 201,
    "pageInfo" : {
      "hasNextPage" : true,
      "endCursor" : "AQCREYRcV1m0OwIrVqyu1KFwYZTpCk7731rQvNOMnu1zZt1jXyW_K5WuzN69DITnaOmiJ67wMHs-pHgYrfjJNcA-AgcU_Kijft47hiI4WC1Fdg"
    }
  },
  "commentsDisabled" : false,
  "captionIsEdited" : false,
  "takenAtTimestamp" : 1509468660000,
  "likeCount" : 9062,
  "firstLikes" : [ {
    "id" : 26499879,
    "username" : "alandiseharris",
    "profilePicUrl" : "https://instagram.fhel3-1.fna.fbcdn.net/t51.2885-19/s150x150/21984789_169900566919982_3948275418448003072_n.jpg"
  }, {
    "id" : 1528853111,
    "username" : "qipp_smithers",
    "profilePicUrl" : "https://instagram.fhel3-1.fna.fbcdn.net/t51.2885-19/s150x150/21042580_2026744777557924_4032182938924744704_a.jpg"
  }, {
    "id" : 6052213760,
    "username" : "davidmo43",
    "profilePicUrl" : "https://instagram.fhel3-1.fna.fbcdn.net/t51.2885-19/s150x150/22351953_508148949562825_2283477564020228096_n.jpg"
  }, {
    "id" : 258629562,
    "username" : "lisamessenger",
    "profilePicUrl" : "https://instagram.fhel3-1.fna.fbcdn.net/t51.2885-19/s150x150/21042790_1396117140508387_2757112070498418688_a.jpg"
  }, {
    "id" : 4137424192,
    "username" : "rabiatuladan",
    "profilePicUrl" : "https://instagram.fhel3-1.fna.fbcdn.net/t51.2885-19/s150x150/22639429_2021941168036560_790625624321425408_n.jpg"
  }, {
    "id" : 319390055,
    "username" : "ptdiogomachado",
    "profilePicUrl" : "https://instagram.fhel3-1.fna.fbcdn.net/t51.2885-19/s150x150/21147551_924229581049819_6654806372066000896_a.jpg"
  }, {
    "id" : 1564444261,
    "username" : "crisp_home",
    "profilePicUrl" : "https://instagram.fhel3-1.fna.fbcdn.net/t51.2885-19/s150x150/14350587_552903814879957_8937072441776144384_a.jpg"
  }, {
    "id" : 351746667,
    "username" : "andiswines",
    "profilePicUrl" : "https://instagram.fhel3-1.fna.fbcdn.net/t51.2885-19/s150x150/21373176_2010555255890314_8526496301540442112_n.jpg"
  }, {
    "id" : 4721416015,
    "username" : "kevin_ho.101",
    "profilePicUrl" : "https://instagram.fhel3-1.fna.fbcdn.net/t51.2885-19/s150x150/22429809_1835664439807376_1628885554101747712_n.jpg"
  }, {
    "id" : 5434659167,
    "username" : "hr.sommer",
    "profilePicUrl" : "https://instagram.fhel3-1.fna.fbcdn.net/t51.2885-19/s150x150/21148002_510700079277030_8315212338965774336_a.jpg"
  } ],
  "location" : {
    "id" : 44961364,
    "name" : "San Francisco, California",
    "slug" : "san-francisco-california"
  },
  "owner" : {
    "id" : 3,
    "username" : "kevin",
    "fullName" : "Kevin Systrom",
    "isPrivate" : false,
    "isVerified" : true,
    "blockedByViewer" : "false",
    "followedByViewer" : false,
    "hasBlockedViewer" : false,
    "profilePicUrl" : "https://instagram.fhel3-1.fna.fbcdn.net/t51.2885-19/s150x150/13732144_1764457777134045_549538515_a.jpg",
    "requestedByViewer" : false,
    "isUnpublished" : false
  },
  "viewerHasLiked" : false,
  "viewerHasSaved" : false,
  "viewerHasSavedToCollection" : false,
  "isAdvertising" : false,
  "taggedUser" : [ {
    "username" : "abc1",
    "x" : 0.590625,
    "y" : 0.409375
  }, {
    "username" : "cde2",
    "x" : 0.2,
    "y" : 0.4921875
  }, {
    "username" : "def3",
    "x" : 0.5703125,
    "y" : 0.175
  } ]
}