{
  "id" : 3,
  "username" : "kevin",
  "fullName" : "Kevin Systrom",
  "isPrivate" : false,
  "isVerified" : true,
  "biography" : "CEO & Co-founder of Instagram",
  "followedBy" : 1493615,
  "follows" : 626,
  "blockedByViewer" : "false",
  "countryBlock" : false,
  "followedByViewer" : false,
  "followsViewer" : false,
  "hasBlockedViewer" : false,
  "hasRequestedViewer" : false,
  "profilePicUrl" : "https://instagram.fhel3-1.fna.fbcdn.net/t51.2885-19/s150x150/13732144_1764457777134045_549538515_a.jpg",
  "profilePicUrlHd" : "https://instagram.fhel3-1.fna.fbcdn.net/t51.2885-19/s150x150/13732144_1764457777134045_549538515_a.jpg",
  "requestedByViewer" : false,
  "media" : {
    "nodes" : [ {
      "mediaType" : "GraphImage",
      "id" : 1649728558505085087,
      "shortcode" : "BblA2Ihg0if",
      "mediaResource" : {
        "height" : 864,
        "width" : 1080,
        "displayUrl" : "https://instagram.fhel3-1.fna.fbcdn.net/t51.2885-15/e35/23733940_363635150729540_8915317105277009920_n.jpg",
        "displayResources" : [ {
          "src" : "https://instagram.fhel3-1.fna.fbcdn.net/t51.2885-15/s150x150/e35/c108.0.864.864/23733940_363635150729540_8915317105277009920_n.jpg",
          "width" : 150,
          "height" : 150
        }, {
          "src" : "https://instagram.fhel3-1.fna.fbcdn.net/t51.2885-15/s240x240/e35/c108.0.864.864/23733940_363635150729540_8915317105277009920_n.jpg",
          "width" : 240,
          "height" : 240
        }, {
          "src" : "https://instagram.fhel3-1.fna.fbcdn.net/t51.2885-15/s320x320/e35/c108.0.864.864/23733940_363635150729540_8915317105277009920_n.jpg",
          "width" : 320,
          "height" : 320
        }, {
          "src" : "https://instagram.fhel3-1.fna.fbcdn.net/t51.2885-15/s480x480/e35/c108.0.864.864/23733940_363635150729540_8915317105277009920_n.jpg",
          "width" : 480,
          "height" : 480
        }, {
          "src" : "https://instagram.fhel3-1.fna.fbcdn.net/t51.2885-15/s640x640/sh0.08/e35/c108.0.864.864/23733940_363635150729540_8915317105277009920_n.jpg",
          "width" : 640,
          "height" : 640
        } ],
        "isVideo" : false
      },
      "caption" : "At Instagram, it‚Äôs our mission to help people strengthen relationships with the people and passions they care about most. We do this through our products like the co-broadcast feature in live, and through meaningful programs like #kindcomments. Making our mission a reality drives my work at Instagram every day and so does having strong relationships with our incredible team. I love the regular dinners with my team to share what‚Äôs happening in our lives. Tonight‚Äôs dinner is bittersweet, because it‚Äôs the last dinner with my assistant, Kylie Riggins. Over the last two years, Kylie‚Äôs made a huge impact with her ‚Äòno job is too small‚Äô attitude and her drive to keep things moving forward. While I am excited to see what she‚Äôll accomplish in her next chapter, on Instagram‚Äôs Creation & Communication team, I‚Äôll miss the warmth and humor that she brought to my office. Thank you for all your hard work, Kylie. You will be missed!",
      "commentCount" : 206,
      "commentsDisabled" : false,
      "takenAtTimestamp" : 1510882991000,
      "likeCount" : 8414,
      "owner" : {
        "id" : 3,
        "username" : "kevin",
        "fullName" : "Kevin Systrom",
        "isPrivate" : false,
        "isVerified" : true,
        "biography" : "CEO & Co-founder of Instagram",
        "followedBy" : 1493615,
        "follows" : 626,
        "blockedByViewer" : "false",
        "countryBlock" : false,
        "followedByViewer" : false,
        "followsViewer" : false,
        "hasBlockedViewer" : false,
        "hasRequestedViewer" : false,
        "profilePicUrl" : "https://instagram.fhel3-1.fna.fbcdn.net/t51.2885-19/s150x150/13732144_1764457777134045_549538515_a.jpg",
        "profilePicUrlHd" : "https://instagram.fhel3-1.fna.fbcdn.net/t51.2885-19/s150x150/13732144_1764457777134045_549538515_a.jpg",
        "requestedByViewer" : false
      }
    }, {
      "mediaType" : "GraphImage",
      "id" : 1638649395388063749,
      "shortcode" : "Ba9pvFzg6AF",
      "mediaResource" : {
        "height" : 1076,
        "width" : 1080,
        "displayUrl" : "https://instagram.fhel3-1.fna.fbcdn.net/t51.2885-15/e35/23161829_803941913140921_3254275717789122560_n.jpg",
        "displayResources" : [ {
          "src" : "https://instagram.fhel3-1.fna.fbcdn.net/t51.2885-15/s150x150/e35/c2.0.1076.1076/23161829_803941913140921_3254275717789122560_n.jpg",
          "width" : 150,
          "height" : 150
        }, {
          "src" : "https://instagram.fhel3-1.fna.fbcdn.net/t51.2885-15/s240x240/e35/c2.0.1076.1076/23161829_803941913140921_3254275717789122560_n.jpg",
          "width" : 240,
          "height" : 240
        }, {
          "src" : "https://instagram.fhel3-1.fna.fbcdn.net/t51.2885-15/s320x320/e35/c2.0.1076.1076/23161829_803941913140921_3254275717789122560_n.jpg",
          "width" : 320,
          "height" : 320
        }, {
          "src" : "https://instagram.fhel3-1.fna.fbcdn.net/t51.2885-15/s480x480/e35/c2.0.1076.1076/23161829_803941913140921_3254275717789122560_n.jpg",
          "width" : 480,
          "height" : 480
        }, {
          "src" : "https://instagram.fhel3-1.fna.fbcdn.net/t51.2885-15/s640x640/sh0.08/e35/c2.0.1076.1076/23161829_803941913140921_3254275717789122560_n.jpg",
          "width" : 640,
          "height" : 640
        } ],
        "isVideo" : false
      },
      "caption" : "Happy two years @nicole! üòç I can‚Äôt wait for our little girl to arrive so she can meet her beautiful, intelligent and loving mom üòò",
      "commentCount" : 384,
      "commentsDisabled" : false,
      "takenAtTimestamp" : 1509562251000,
      "likeCount" : 11405,
      "owner" : {
        "id" : 3,
        "username" : "kevin",
        "fullName" : "Kevin Systrom",
        "isPrivate" : false,
        "isVerified" : true,
        "biography" : "CEO & Co-founder of Instagram",
        "followedBy" : 1493615,
        "follows" : 626,
        "blockedByViewer" : "false",
        "countryBlock" : false,
        "followedByViewer" : false,
        "followsViewer" : false,
        "hasBlockedViewer" : false,
        "hasRequestedViewer" : false,
        "profilePicUrl" : "https://instagram.fhel3-1.fna.fbcdn.net/t51.2885-19/s150x150/13732144_1764457777134045_549538515_a.jpg",
        "profilePicUrlHd" : "https://instagram.fhel3-1.fna.fbcdn.net/t51.2885-19/s150x150/13732144_1764457777134045_549538515_a.jpg",
        "requestedByViewer" : false
      }
    }, {
      "mediaType" : "GraphImage",
      "id" : 1637864293687100074,
      "shortcode" : "Ba63OW3hAKq",
      "mediaResource" : {
        "height" : 862,
        "width" : 1080,
        "displayUrl" : "https://instagram.fhel3-1.fna.fbcdn.net/t51.2885-15/e35/22858203_520407981641736_3472075974680510464_n.jpg",
        "displayResources" : [ {
          "src" : "https://instagram.fhel3-1.fna.fbcdn.net/t51.2885-15/s150x150/e35/c109.0.862.862/22858203_520407981641736_3472075974680510464_n.jpg",
          "width" : 150,
          "height" : 150
        }, {
          "src" : "https://instagram.fhel3-1.fna.fbcdn.net/t51.2885-15/s240x240/e35/c109.0.862.862/22858203_520407981641736_3472075974680510464_n.jpg",
          "width" : 240,
          "height" : 240
        }, {
          "src" : "https://instagram.fhel3-1.fna.fbcdn.net/t51.2885-15/s320x320/e35/c109.0.862.862/22858203_520407981641736_3472075974680510464_n.jpg",
          "width" : 320,
          "height" : 320
        }, {
          "src" : "https://instagram.fhel3-1.fna.fbcdn.net/t51.2885-15/s480x480/e35/c109.0.862.862/22858203_520407981641736_3472075974680510464_n.jpg",
          "width" : 480,
          "height" : 480
        }, {
          "src" : "https://instagram.fhel3-1.fna.fbcdn.net/t51.2885-15/s640x640/sh0.08/e35/c109.0.862.862/22858203_520407981641736_3472075974680510464_n.jpg",
          "width" : 640,
          "height" : 640
        } ],
        "isVideo" : false
      },
      "caption" : "@Dolly wishes everyone a happy Halloween! üéÉ This year she asked to be a Lion but we really think she was angling for a bunch of new toys üòù",
      "commentCount" : 206,
      "commentsDisabled" : false,
      "takenAtTimestamp" : 1509468660000,
      "likeCount" : 9210,
      "owner" : {
        "id" : 3,
        "username" : "kevin",
        "fullName" : "Kevin Systrom",
        "isPrivate" : false,
        "isVerified" : true,
        "biography" : "CEO & Co-founder of Instagram",
        "followedBy" : 1493615,
        "follows" : 626,
        "blockedByViewer" : "false",
        "countryBlock" : false,
        "followedByViewer" : false,
        "followsViewer" : false,
        "hasBlockedViewer" : false,
        "hasRequestedViewer" : false,
        "profilePicUrl" : "https://instagram.fhel3-1.fna.fbcdn.net/t51.2885-19/s150x150/13732144_1764457777134045_549538515_a.jpg",
        "profilePicUrlHd" : "https://instagram.fhel3-1.fna.fbcdn.net/t51.2885-19/s150x150/13732144_1764457777134045_549538515_a.jpg",
        "requestedByViewer" : false
      }
    }, {
      "mediaType" : "GraphSidecar",
      "id" : 1632122968329355722,
      "shortcode" : "BamdzE9BwHK",
      "mediaResource" : {
        "height" : 1080,
        "width" : 1080,
        "displayUrl" : "https://instagram.fhel3-1.fna.fbcdn.net/t51.2885-15/e35/22639499_1454023074646352_7020349780203143168_n.jpg",
        "displayResources" : [ {
          "src" : "https://instagram.fhel3-1.fna.fbcdn.net/t51.2885-15/s150x150/e35/22639499_1454023074646352_7020349780203143168_n.jpg",
          "width" : 150,
          "height" : 150
        }, {
          "src" : "https://instagram.fhel3-1.fna.fbcdn.net/t51.2885-15/s240x240/e35/22639499_1454023074646352_7020349780203143168_n.jpg",
          "width" : 240,
          "height" : 240
        }, {
          "src" : "https://instagram.fhel3-1.fna.fbcdn.net/t51.2885-15/s320x320/e35/22639499_1454023074646352_7020349780203143168_n.jpg",
          "width" : 320,
          "height" : 320
        }, {
          "src" : "https://instagram.fhel3-1.fna.fbcdn.net/t51.2885-15/s480x480/e35/22639499_1454023074646352_7020349780203143168_n.jpg",
          "width" : 480,
          "height" : 480
        }, {
          "src" : "https://instagram.fhel3-1.fna.fbcdn.net/t51.2885-15/s640x640/sh0.08/e35/22639499_1454023074646352_7020349780203143168_n.jpg",
          "width" : 640,
          "height" : 640
        } ],
        "isVideo" : false
      },
      "caption" : "Last week I sat down with @mrporterlive to discuss Instagram‚Äôs focus on craft, design and kindness. The article is up now as part of The Journal on mrporter.com - as part of the article we did a fun photo shoot here in the office so I‚Äôm sharing a couple of the best shots üôåüèª",
      "commentCount" : 499,
      "commentsDisabled" : false,
      "takenAtTimestamp" : 1508784241000,
      "likeCount" : 7894,
      "owner" : {
        "id" : 3,
        "username" : "kevin",
        "fullName" : "Kevin Systrom",
        "isPrivate" : false,
        "isVerified" : true,
        "biography" : "CEO & Co-founder of Instagram",
        "followedBy" : 1493615,
        "follows" : 626,
        "blockedByViewer" : "false",
        "countryBlock" : false,
        "followedByViewer" : false,
        "followsViewer" : false,
        "hasBlockedViewer" : false,
        "hasRequestedViewer" : false,
        "profilePicUrl" : "https://instagram.fhel3-1.fna.fbcdn.net/t51.2885-19/s150x150/13732144_1764457777134045_549538515_a.jpg",
        "profilePicUrlHd" : "https://instagram.fhel3-1.fna.fbcdn.net/t51.2885-19/s150x150/13732144_1764457777134045_549538515_a.jpg",
        "requestedByViewer" : false
      }
    }, {
      "mediaType" : "GraphImage",
      "id" : 1624312156633796520,
      "shortcode" : "BaKt0zsgY-o",
      "mediaResource" : {
        "height" : 862,
        "width" : 1080,
        "displayUrl" : "https://instagram.fhel3-1.fna.fbcdn.net/t51.2885-15/e35/22426925_1480047805442906_1801993665506181120_n.jpg",
        "displayResources" : [ {
          "src" : "https://instagram.fhel3-1.fna.fbcdn.net/t51.2885-15/s150x150/e35/c109.0.862.862/22426925_1480047805442906_1801993665506181120_n.jpg",
          "width" : 150,
          "height" : 150
        }, {
          "src" : "https://instagram.fhel3-1.fna.fbcdn.net/t51.2885-15/s240x240/e35/c109.0.862.862/22426925_1480047805442906_1801993665506181120_n.jpg",
          "width" : 240,
          "height" : 240
        }, {
          "src" : "https://instagram.fhel3-1.fna.fbcdn.net/t51.2885-15/s320x320/e35/c109.0.862.862/22426925_1480047805442906_1801993665506181120_n.jpg",
          "width" : 320,
          "height" : 320
        }, {
          "src" : "https://instagram.fhel3-1.fna.fbcdn.net/t51.2885-15/s480x480/e35/c109.0.862.862/22426925_1480047805442906_1801993665506181120_n.jpg",
          "width" : 480,
          "height" : 480
        }, {
          "src" : "https://instagram.fhel3-1.fna.fbcdn.net/t51.2885-15/s640x640/sh0.08/e35/c109.0.862.862/22426925_1480047805442906_1801993665506181120_n.jpg",
          "width" : 640,
          "height" : 640
        } ],
        "isVideo" : false
      },
      "caption" : "Today @ansel and I went live on @instagram to talk about new features of Live and our commitment to kindness on IG. Check out the video on the @instagram account!",
      "commentCount" : 292,
      "commentsDisabled" : false,
      "takenAtTimestamp" : 1507853119000,
      "likeCount" : 10742,
      "owner" : {
        "id" : 3,
        "username" : "kevin",
        "fullName" : "Kevin Systrom",
        "isPrivate" : false,
        "isVerified" : true,
        "biography" : "CEO & Co-founder of Instagram",
        "followedBy" : 1493615,
        "follows" : 626,
        "blockedByViewer" : "false",
        "countryBlock" : false,
        "followedByViewer" : false,
        "followsViewer" : false,
        "hasBlockedViewer" : false,
        "hasRequestedViewer" : false,
        "profilePicUrl" : "https://instagram.fhel3-1.fna.fbcdn.net/t51.2885-19/s150x150/13732144_1764457777134045_549538515_a.jpg",
        "profilePicUrlHd" : "https://instagram.fhel3-1.fna.fbcdn.net/t51.2885-19/s150x150/13732144_1764457777134045_549538515_a.jpg",
        "requestedByViewer" : false
      }
    }, {
      "mediaType" : "GraphSidecar",
      "id" : 1624161336743314458,
      "shortcode" : "BaKLiFugkQa",
      "mediaResource" : {
        "height" : 864,
        "width" : 1080,
        "displayUrl" : "https://instagram.fhel3-1.fna.fbcdn.net/t51.2885-15/e35/22351958_144137916205565_6923513639366295552_n.jpg",
        "displayResources" : [ {
          "src" : "https://instagram.fhel3-1.fna.fbcdn.net/t51.2885-15/s150x150/e35/c108.0.864.864/22351958_144137916205565_6923513639366295552_n.jpg",
          "width" : 150,
          "height" : 150
        }, {
          "src" : "https://instagram.fhel3-1.fna.fbcdn.net/t51.2885-15/s240x240/e35/c108.0.864.864/22351958_144137916205565_6923513639366295552_n.jpg",
          "width" : 240,
          "height" : 240
        }, {
          "src" : "https://instagram.fhel3-1.fna.fbcdn.net/t51.2885-15/s320x320/e35/c108.0.864.864/22351958_144137916205565_6923513639366295552_n.jpg",
          "width" : 320,
          "height" : 320
        }, {
          "src" : "https://instagram.fhel3-1.fna.fbcdn.net/t51.2885-15/s480x480/e35/c108.0.864.864/22351958_144137916205565_6923513639366295552_n.jpg",
          "width" : 480,
          "height" : 480
        }, {
          "src" : "https://instagram.fhel3-1.fna.fbcdn.net/t51.2885-15/s640x640/sh0.08/e35/c108.0.864.864/22351958_144137916205565_6923513639366295552_n.jpg",
          "width" : 640,
          "height" : 640
        } ],
        "isVideo" : false
      },
      "caption" : "This morning, I attended Vogue‚Äôs Forces of Fashion conference, where I joined @marcjacobs and Vogue‚Äôs Sally Singer on stage to talk all things fashion and Instagram. Afterwards, I was able to meet a bunch of young fashion enthusiasts to learn how they use Instagram to find inspiration. Scroll through to see more!",
      "commentCount" : 132,
      "commentsDisabled" : false,
      "takenAtTimestamp" : 1507835140000,
      "likeCount" : 5259,
      "owner" : {
        "id" : 3,
        "username" : "kevin",
        "fullName" : "Kevin Systrom",
        "isPrivate" : false,
        "isVerified" : true,
        "biography" : "CEO & Co-founder of Instagram",
        "followedBy" : 1493615,
        "follows" : 626,
        "blockedByViewer" : "false",
        "countryBlock" : false,
        "followedByViewer" : false,
        "followsViewer" : false,
        "hasBlockedViewer" : false,
        "hasRequestedViewer" : false,
        "profilePicUrl" : "https://instagram.fhel3-1.fna.fbcdn.net/t51.2885-19/s150x150/13732144_1764457777134045_549538515_a.jpg",
        "profilePicUrlHd" : "https://instagram.fhel3-1.fna.fbcdn.net/t51.2885-19/s150x150/13732144_1764457777134045_549538515_a.jpg",
        "requestedByViewer" : false
      }
    }, {
      "mediaType" : "GraphImage",
      "id" : 1604762797663700810,
      "shortcode" : "BZFQ0MXgcdK",
      "mediaResource" : {
        "height" : 1350,
        "width" : 1080,
        "displayUrl" : "https://instagram.fhel3-1.fna.fbcdn.net/t51.2885-15/e35/21690597_264013367452440_474254631036256256_n.jpg",
        "displayResources" : [ {
          "src" : "https://instagram.fhel3-1.fna.fbcdn.net/t51.2885-15/s150x150/e35/c0.135.1080.1080/21690597_264013367452440_474254631036256256_n.jpg",
          "width" : 150,
          "height" : 150
        }, {
          "src" : "https://instagram.fhel3-1.fna.fbcdn.net/t51.2885-15/s240x240/e35/c0.135.1080.1080/21690597_264013367452440_474254631036256256_n.jpg",
          "width" : 240,
          "height" : 240
        }, {
          "src" : "https://instagram.fhel3-1.fna.fbcdn.net/t51.2885-15/s320x320/e35/c0.135.1080.1080/21690597_264013367452440_474254631036256256_n.jpg",
          "width" : 320,
          "height" : 320
        }, {
          "src" : "https://instagram.fhel3-1.fna.fbcdn.net/t51.2885-15/s480x480/e35/c0.135.1080.1080/21690597_264013367452440_474254631036256256_n.jpg",
          "width" : 480,
          "height" : 480
        }, {
          "src" : "https://instagram.fhel3-1.fna.fbcdn.net/t51.2885-15/s640x640/sh0.08/e35/c0.135.1080.1080/21690597_264013367452440_474254631036256256_n.jpg",
          "width" : 640,
          "height" : 640
        } ],
        "isVideo" : false
      },
      "caption" : "Maroon Bells üîî",
      "commentCount" : 1037,
      "commentsDisabled" : false,
      "takenAtTimestamp" : 1505522654000,
      "likeCount" : 9447,
      "owner" : {
        "id" : 3,
        "username" : "kevin",
        "fullName" : "Kevin Systrom",
        "isPrivate" : false,
        "isVerified" : true,
        "biography" : "CEO & Co-founder of Instagram",
        "followedBy" : 1493615,
        "follows" : 626,
        "blockedByViewer" : "false",
        "countryBlock" : false,
        "followedByViewer" : false,
        "followsViewer" : false,
        "hasBlockedViewer" : false,
        "hasRequestedViewer" : false,
        "profilePicUrl" : "https://instagram.fhel3-1.fna.fbcdn.net/t51.2885-19/s150x150/13732144_1764457777134045_549538515_a.jpg",
        "profilePicUrlHd" : "https://instagram.fhel3-1.fna.fbcdn.net/t51.2885-19/s150x150/13732144_1764457777134045_549538515_a.jpg",
        "requestedByViewer" : false
      }
    }, {
      "mediaType" : "GraphImage",
      "id" : 1602580176007758813,
      "shortcode" : "BY9gi3jBoPd",
      "mediaResource" : {
        "height" : 1350,
        "width" : 1080,
        "displayUrl" : "https://instagram.fhel3-1.fna.fbcdn.net/t51.2885-15/e35/21480252_1723146024394683_703265053217914880_n.jpg",
        "displayResources" : [ {
          "src" : "https://instagram.fhel3-1.fna.fbcdn.net/t51.2885-15/s150x150/e35/c0.135.1080.1080/21480252_1723146024394683_703265053217914880_n.jpg",
          "width" : 150,
          "height" : 150
        }, {
          "src" : "https://instagram.fhel3-1.fna.fbcdn.net/t51.2885-15/s240x240/e35/c0.135.1080.1080/21480252_1723146024394683_703265053217914880_n.jpg",
          "width" : 240,
          "height" : 240
        }, {
          "src" : "https://instagram.fhel3-1.fna.fbcdn.net/t51.2885-15/s320x320/e35/c0.135.1080.1080/21480252_1723146024394683_703265053217914880_n.jpg",
          "width" : 320,
          "height" : 320
        }, {
          "src" : "https://instagram.fhel3-1.fna.fbcdn.net/t51.2885-15/s480x480/e35/c0.135.1080.1080/21480252_1723146024394683_703265053217914880_n.jpg",
          "width" : 480,
          "height" : 480
        }, {
          "src" : "https://instagram.fhel3-1.fna.fbcdn.net/t51.2885-15/s640x640/sh0.08/e35/c0.135.1080.1080/21480252_1723146024394683_703265053217914880_n.jpg",
          "width" : 640,
          "height" : 640
        } ],
        "isVideo" : false
      },
      "caption" : "Last week I rode nearly 800km around Japan. I left the pristine streets of Tokyo, through the dense forests around Shirakawa Mura, to the cultural center of Kyoto. The route was demanding but the views and experiences made it worthwhile. As tired as I was at the end of each day, I stayed up sampling local food, learning more about the villages we were staying in, and connecting with other passionate cyclists. I reached out to @tokyocyclist on IG and he was nice enough to show me around! While I am happy to be back at home with @nicole and @dolly, I am grateful for the experience and friendships built along the way.",
      "commentCount" : 173,
      "commentsDisabled" : false,
      "takenAtTimestamp" : 1505262465000,
      "likeCount" : 7824,
      "owner" : {
        "id" : 3,
        "username" : "kevin",
        "fullName" : "Kevin Systrom",
        "isPrivate" : false,
        "isVerified" : true,
        "biography" : "CEO & Co-founder of Instagram",
        "followedBy" : 1493615,
        "follows" : 626,
        "blockedByViewer" : "false",
        "countryBlock" : false,
        "followedByViewer" : false,
        "followsViewer" : false,
        "hasBlockedViewer" : false,
        "hasRequestedViewer" : false,
        "profilePicUrl" : "https://instagram.fhel3-1.fna.fbcdn.net/t51.2885-19/s150x150/13732144_1764457777134045_549538515_a.jpg",
        "profilePicUrlHd" : "https://instagram.fhel3-1.fna.fbcdn.net/t51.2885-19/s150x150/13732144_1764457777134045_549538515_a.jpg",
        "requestedByViewer" : false
      }
    }, {
      "mediaType" : "GraphImage",
      "id" : 1598469600255736140,
      "shortcode" : "BYu56HjgPlM",
      "mediaResource" : {
        "height" : 807,
        "width" : 1080,
        "displayUrl" : "https://instagram.fhel3-1.fna.fbcdn.net/t51.2885-15/e35/21435605_1984598318451089_415580288236650496_n.jpg",
        "displayResources" : [ {
          "src" : "https://instagram.fhel3-1.fna.fbcdn.net/t51.2885-15/s150x150/e35/c136.0.807.807/21435605_1984598318451089_415580288236650496_n.jpg",
          "width" : 150,
          "height" : 150
        }, {
          "src" : "https://instagram.fhel3-1.fna.fbcdn.net/t51.2885-15/s240x240/e35/c136.0.807.807/21435605_1984598318451089_415580288236650496_n.jpg",
          "width" : 240,
          "height" : 240
        }, {
          "src" : "https://instagram.fhel3-1.fna.fbcdn.net/t51.2885-15/s320x320/e35/c136.0.807.807/21435605_1984598318451089_415580288236650496_n.jpg",
          "width" : 320,
          "height" : 320
        }, {
          "src" : "https://instagram.fhel3-1.fna.fbcdn.net/t51.2885-15/s480x480/e35/c136.0.807.807/21435605_1984598318451089_415580288236650496_n.jpg",
          "width" : 480,
          "height" : 480
        }, {
          "src" : "https://instagram.fhel3-1.fna.fbcdn.net/t51.2885-15/s640x640/sh0.08/e35/c136.0.807.807/21435605_1984598318451089_415580288236650496_n.jpg",
          "width" : 640,
          "height" : 640
        } ],
        "isVideo" : false
      },
      "caption" : "Today I rode 100mi in rural Japan through forests and in canyons along rivers. About half way in we turned a corner and saw this! Japan may be one of the most beautiful places on earth‚Äîespecially when it's pouring rain üáØüáµ",
      "commentCount" : 328,
      "commentsDisabled" : false,
      "takenAtTimestamp" : 1504772447000,
      "likeCount" : 10355,
      "owner" : {
        "id" : 3,
        "username" : "kevin",
        "fullName" : "Kevin Systrom",
        "isPrivate" : false,
        "isVerified" : true,
        "biography" : "CEO & Co-founder of Instagram",
        "followedBy" : 1493615,
        "follows" : 626,
        "blockedByViewer" : "false",
        "countryBlock" : false,
        "followedByViewer" : false,
        "followsViewer" : false,
        "hasBlockedViewer" : false,
        "hasRequestedViewer" : false,
        "profilePicUrl" : "https://instagram.fhel3-1.fna.fbcdn.net/t51.2885-19/s150x150/13732144_1764457777134045_549538515_a.jpg",
        "profilePicUrlHd" : "https://instagram.fhel3-1.fna.fbcdn.net/t51.2885-19/s150x150/13732144_1764457777134045_549538515_a.jpg",
        "requestedByViewer" : false
      }
    }, {
      "mediaType" : "GraphImage",
      "id" : 1589969511967179684,
      "shortcode" : "BYQtNjcgUOk",
      "mediaResource" : {
        "height" : 1080,
        "width" : 1080,
        "displayUrl" : "https://instagram.fhel3-1.fna.fbcdn.net/t51.2885-15/e35/21147775_788287388010515_846657789139877888_n.jpg",
        "displayResources" : [ {
          "src" : "https://instagram.fhel3-1.fna.fbcdn.net/t51.2885-15/s150x150/e35/21147775_788287388010515_846657789139877888_n.jpg",
          "width" : 150,
          "height" : 150
        }, {
          "src" : "https://instagram.fhel3-1.fna.fbcdn.net/t51.2885-15/s240x240/e35/21147775_788287388010515_846657789139877888_n.jpg",
          "width" : 240,
          "height" : 240
        }, {
          "src" : "https://instagram.fhel3-1.fna.fbcdn.net/t51.2885-15/s320x320/e35/21147775_788287388010515_846657789139877888_n.jpg",
          "width" : 320,
          "height" : 320
        }, {
          "src" : "https://instagram.fhel3-1.fna.fbcdn.net/t51.2885-15/s480x480/e35/21147775_788287388010515_846657789139877888_n.jpg",
          "width" : 480,
          "height" : 480
        }, {
          "src" : "https://instagram.fhel3-1.fna.fbcdn.net/t51.2885-15/s640x640/sh0.08/e35/21147775_788287388010515_846657789139877888_n.jpg",
          "width" : 640,
          "height" : 640
        } ],
        "isVideo" : false
      },
      "caption" : "@dolly was so happy this morning when I mentioned it's #nationaldogday üòù",
      "commentCount" : 633,
      "commentsDisabled" : false,
      "takenAtTimestamp" : 1503759157000,
      "likeCount" : 15516,
      "owner" : {
        "id" : 3,
        "username" : "kevin",
        "fullName" : "Kevin Systrom",
        "isPrivate" : false,
        "isVerified" : true,
        "biography" : "CEO & Co-founder of Instagram",
        "followedBy" : 1493615,
        "follows" : 626,
        "blockedByViewer" : "false",
        "countryBlock" : false,
        "followedByViewer" : false,
        "followsViewer" : false,
        "hasBlockedViewer" : false,
        "hasRequestedViewer" : false,
        "profilePicUrl" : "https://instagram.fhel3-1.fna.fbcdn.net/t51.2885-19/s150x150/13732144_1764457777134045_549538515_a.jpg",
        "profilePicUrlHd" : "https://instagram.fhel3-1.fna.fbcdn.net/t51.2885-19/s150x150/13732144_1764457777134045_549538515_a.jpg",
        "requestedByViewer" : false
      }
    }, {
      "mediaType" : "GraphImage",
      "id" : 1588975174500275531,
      "shortcode" : "BYNLIChANVL",
      "mediaResource" : {
        "height" : 754,
        "width" : 1080,
        "displayUrl" : "https://instagram.fhel3-1.fna.fbcdn.net/t51.2885-15/e35/21041119_273771473109705_5973398407417430016_n.jpg",
        "displayResources" : [ {
          "src" : "https://instagram.fhel3-1.fna.fbcdn.net/t51.2885-15/s150x150/e35/c163.0.754.754/21041119_273771473109705_5973398407417430016_n.jpg",
          "width" : 150,
          "height" : 150
        }, {
          "src" : "https://instagram.fhel3-1.fna.fbcdn.net/t51.2885-15/s240x240/e35/c163.0.754.754/21041119_273771473109705_5973398407417430016_n.jpg",
          "width" : 240,
          "height" : 240
        }, {
          "src" : "https://instagram.fhel3-1.fna.fbcdn.net/t51.2885-15/s320x320/e35/c163.0.754.754/21041119_273771473109705_5973398407417430016_n.jpg",
          "width" : 320,
          "height" : 320
        }, {
          "src" : "https://instagram.fhel3-1.fna.fbcdn.net/t51.2885-15/s480x480/e35/c163.0.754.754/21041119_273771473109705_5973398407417430016_n.jpg",
          "width" : 480,
          "height" : 480
        }, {
          "src" : "https://instagram.fhel3-1.fna.fbcdn.net/t51.2885-15/s640x640/sh0.08/e35/c163.0.754.754/21041119_273771473109705_5973398407417430016_n.jpg",
          "width" : 640,
          "height" : 640
        } ],
        "isVideo" : false
      },
      "caption" : "My favorite thing about working at Instagram is the team I get to work with. Tonight, @nicole and I hosted the people who help run Instagram. They're a supremely talented and fun bunch that make the app we all love work! Thanks to them and the rest of the team for all they do to make IG great!",
      "commentCount" : 206,
      "commentsDisabled" : false,
      "takenAtTimestamp" : 1503640623000,
      "likeCount" : 7298,
      "owner" : {
        "id" : 3,
        "username" : "kevin",
        "fullName" : "Kevin Systrom",
        "isPrivate" : false,
        "isVerified" : true,
        "biography" : "CEO & Co-founder of Instagram",
        "followedBy" : 1493615,
        "follows" : 626,
        "blockedByViewer" : "false",
        "countryBlock" : false,
        "followedByViewer" : false,
        "followsViewer" : false,
        "hasBlockedViewer" : false,
        "hasRequestedViewer" : false,
        "profilePicUrl" : "https://instagram.fhel3-1.fna.fbcdn.net/t51.2885-19/s150x150/13732144_1764457777134045_549538515_a.jpg",
        "profilePicUrlHd" : "https://instagram.fhel3-1.fna.fbcdn.net/t51.2885-19/s150x150/13732144_1764457777134045_549538515_a.jpg",
        "requestedByViewer" : false
      }
    }, {
      "mediaType" : "GraphImage",
      "id" : 1588069028910342521,
      "shortcode" : "BYJ9F4rACF5",
      "mediaResource" : {
        "height" : 1080,
        "width" : 1080,
        "displayUrl" : "https://instagram.fhel3-1.fna.fbcdn.net/t51.2885-15/e35/21107495_115210579144394_4771526615077224448_n.jpg",
        "displayResources" : [ {
          "src" : "https://instagram.fhel3-1.fna.fbcdn.net/t51.2885-15/s150x150/e35/21107495_115210579144394_4771526615077224448_n.jpg",
          "width" : 150,
          "height" : 150
        }, {
          "src" : "https://instagram.fhel3-1.fna.fbcdn.net/t51.2885-15/s240x240/e35/21107495_115210579144394_4771526615077224448_n.jpg",
          "width" : 240,
          "height" : 240
        }, {
          "src" : "https://instagram.fhel3-1.fna.fbcdn.net/t51.2885-15/s320x320/e35/21107495_115210579144394_4771526615077224448_n.jpg",
          "width" : 320,
          "height" : 320
        }, {
          "src" : "https://instagram.fhel3-1.fna.fbcdn.net/t51.2885-15/s480x480/e35/21107495_115210579144394_4771526615077224448_n.jpg",
          "width" : 480,
          "height" : 480
        }, {
          "src" : "https://instagram.fhel3-1.fna.fbcdn.net/t51.2885-15/s640x640/sh0.08/e35/21107495_115210579144394_4771526615077224448_n.jpg",
          "width" : 640,
          "height" : 640
        } ],
        "isVideo" : false
      },
      "caption" : "In this month's @wired, there's a great read about what we‚Äôre doing at Instagram to keep our community safe and positive, including applying AI to filter negative comments. While building these tools can be technical, the goal is simple ‚Äì cultivating kindness. Creating a kind community is important because it ensures people are free to express themselves, share authentically and connect with others. The article features interviews with me, and kindness ambassadors Nicky Jackson Colaco and James Mitchell, pictured here, who are leading the charge to make Instagram the kindest community possible.",
      "commentCount" : 153,
      "commentsDisabled" : false,
      "takenAtTimestamp" : 1503532602000,
      "likeCount" : 4262,
      "owner" : {
        "id" : 3,
        "username" : "kevin",
        "fullName" : "Kevin Systrom",
        "isPrivate" : false,
        "isVerified" : true,
        "biography" : "CEO & Co-founder of Instagram",
        "followedBy" : 1493615,
        "follows" : 626,
        "blockedByViewer" : "false",
        "countryBlock" : false,
        "followedByViewer" : false,
        "followsViewer" : false,
        "hasBlockedViewer" : false,
        "hasRequestedViewer" : false,
        "profilePicUrl" : "https://instagram.fhel3-1.fna.fbcdn.net/t51.2885-19/s150x150/13732144_1764457777134045_549538515_a.jpg",
        "profilePicUrlHd" : "https://instagram.fhel3-1.fna.fbcdn.net/t51.2885-19/s150x150/13732144_1764457777134045_549538515_a.jpg",
        "requestedByViewer" : false
      }
    } ],
    "count" : 1575,
    "pageInfo" : {
      "hasNextPage" : true,
      "endCursor" : "AQA0mcWoRYOwKYx5vr3IzpPmEteOBNR5eKySP9pnx4taaWU6HBbpbdWzmdg0o68no1aKxC18BlyiqotQXdDdBPBrjBP1jAg9nM38O_S1XYbJEg"
    }
  }
}