{
  "mediaType" : "GraphSidecar",
  "id" : 1624161336743314458,
  "shortcode" : "BaKLiFugkQa",
  "mediaResource" : {
    "height" : 864,
    "width" : 1080,
    "displayUrl" : "https://instagram.fhel3-1.fna.fbcdn.net/t51.2885-15/e35/22351958_144137916205565_6923513639366295552_n.jpg",
    "displayResources" : [ {
      "src" : "https://instagram.fhel3-1.fna.fbcdn.net/t51.2885-15/s640x640/sh0.08/e35/22351958_144137916205565_6923513639366295552_n.jpg",
      "width" : 640,
      "height" : 512
    }, {
      "src" : "https://instagram.fhel3-1.fna.fbcdn.net/t51.2885-15/s750x750/sh0.08/e35/22351958_144137916205565_6923513639366295552_n.jpg",
      "width" : 750,
      "height" : 600
    }, {
      "src" : "https://instagram.fhel3-1.fna.fbcdn.net/t51.2885-15/e35/22351958_144137916205565_6923513639366295552_n.jpg",
      "width" : 1080,
      "height" : 864
    } ],
    "isVideo" : false,
    "shouldLogClientEvent" : false,
    "trackingToken" : "eyJ2ZXJzaW9uIjo1LCJwYXlsb2FkIjp7ImlzX2FuYWx5dGljc190cmFja2VkIjp0cnVlLCJ1dWlkIjoiZDkwNWNmMjFmZDc3NDQ1ZmJlZjI0MTM3MjBhMzg2YjUxNjI0MTYxMzM2NzQzMzE0NDU4In0sInNpZ25hdHVyZSI6IiJ9"
  },
  "caption" : "This morning, I attended Vogue‚Äôs Forces of Fashion conference, where I joined @marcjacobs and Vogue‚Äôs Sally Singer on stage to talk all things fashion and Instagram. Afterwards, I was able to meet a bunch of young fashion enthusiasts to learn how they use Instagram to find inspiration. Scroll through to see more!",
  "commentCount" : 132,
  "commentPreview" : {
    "nodes" : [ {
      "id" : 17889306835125298,
      "text" : "please restore my @a_lallie page that was disabled for no reason on sept 1st, with no explanation and with no means of appeal. I'm a kind person and that was a kind page. I had personal memories on there. Please restore it ‚ÄºÔ∏è‚ÄºÔ∏è‚ÄºÔ∏è",
      "createdAt" : 1507975649000,
      "owner" : {
        "id" : 5986883267,
        "username" : "a_lallie_new",
        "profilePicUrl" : "https://instagram.fhel3-1.fna.fbcdn.net/t51.2885-19/s150x150/21296197_346248972498399_3678974784235896832_a.jpg"
      }
    }, {
      "id" : 17862351832195541,
      "text" : "please restore my @a_lallie page that was disabled for no reason on sept 1st, with no explanation and with no means of appeal. I'm a kind person and that was a kind page. I had personal memories on there. Please restore it ‚ÄºÔ∏è‚ÄºÔ∏è‚ÄºÔ∏è",
      "createdAt" : 1507975654000,
      "owner" : {
        "id" : 5986883267,
        "username" : "a_lallie_new",
        "profilePicUrl" : "https://instagram.fhel3-1.fna.fbcdn.net/t51.2885-19/s150x150/21296197_346248972498399_3678974784235896832_a.jpg"
      }
    }, {
      "id" : 17897228143072930,
      "text" : "Wow üëçüëçüëç",
      "createdAt" : 1508005004000,
      "owner" : {
        "id" : 5359483174,
        "username" : "_kiara_elf",
        "profilePicUrl" : "https://instagram.fhel3-1.fna.fbcdn.net/t51.2885-19/s150x150/23498654_1334203906725923_2635085856276217856_n.jpg"
      }
    }, {
      "id" : 17890847335102859,
      "text" : "Please check your message in Direct",
      "createdAt" : 1508011460000,
      "owner" : {
        "id" : 2945768785,
        "username" : "amirrezaetemadi_official",
        "profilePicUrl" : "https://instagram.fhel3-1.fna.fbcdn.net/t51.2885-19/s150x150/19624229_241585083016444_3852008566936305664_a.jpg"
      }
    }, {
      "id" : 17902781767018246,
      "text" : "Please check your message in Direct",
      "createdAt" : 1508011462000,
      "owner" : {
        "id" : 2945768785,
        "username" : "amirrezaetemadi_official",
        "profilePicUrl" : "https://instagram.fhel3-1.fna.fbcdn.net/t51.2885-19/s150x150/19624229_241585083016444_3852008566936305664_a.jpg"
      }
    }, {
      "id" : 17894250514073449,
      "text" : "Nice üëçüèª",
      "createdAt" : 1508110129000,
      "owner" : {
        "id" : 3185913642,
        "username" : "ziad_qweider",
        "profilePicUrl" : "https://instagram.fhel3-1.fna.fbcdn.net/t51.2885-19/s150x150/13774330_1071807309556330_498491518_a.jpg"
      }
    }, {
      "id" : 17877304750159935,
      "text" : "‚ò†üé∏",
      "createdAt" : 1508211049000,
      "owner" : {
        "id" : 3056714751,
        "username" : "crierbrothers",
        "profilePicUrl" : "https://instagram.fhel3-1.fna.fbcdn.net/t51.2885-19/s150x150/13736960_1653340958318659_520659335_a.jpg"
      }
    }, {
      "id" : 17877416605181619,
      "text" : "Great post",
      "createdAt" : 1508563587000,
      "owner" : {
        "id" : 3018863745,
        "username" : "thepacificnortheast",
        "profilePicUrl" : "https://instagram.fhel3-1.fna.fbcdn.net/t51.2885-19/s150x150/12237623_1675992315983741_1192763955_a.jpg"
      }
    }, {
      "id" : 17895422671075919,
      "text" : "üòç",
      "createdAt" : 1508801333000,
      "owner" : {
        "id" : 5971564126,
        "username" : "zasminkhalingrai",
        "profilePicUrl" : "https://instagram.fhel3-1.fna.fbcdn.net/t51.2885-19/s150x150/22580046_194720344405995_8480318359362076672_n.jpg"
      }
    }, {
      "id" : 17900246737068545,
      "text" : "@haileysani",
      "createdAt" : 1509219441000,
      "owner" : {
        "id" : 1837609212,
        "username" : "papageorgiouuu_",
        "profilePicUrl" : "https://instagram.fhel3-1.fna.fbcdn.net/t51.2885-19/s150x150/22429766_1884856895162082_5259040604725182464_n.jpg"
      }
    }, {
      "id" : 17846208079218830,
      "text" : "Please #STOP_BAN#fromrussia@avtonomera21",
      "createdAt" : 1509292398000,
      "owner" : {
        "id" : 1985072595,
        "username" : "centrfuel",
        "profilePicUrl" : "https://instagram.fhel3-1.fna.fbcdn.net/t51.2885-19/s150x150/20589491_119917288637705_4298212422965002240_a.jpg"
      }
    }, {
      "id" : 17889085273091909,
      "text" : "üëçüëçüëç",
      "createdAt" : 1509307331000,
      "owner" : {
        "id" : 6198799971,
        "username" : "unicorn.malbuch",
        "profilePicUrl" : "https://instagram.fhel3-1.fna.fbcdn.net/t51.2885-19/s150x150/22860995_1974719559482268_4107886698203971584_n.jpg"
      }
    }, {
      "id" : 17879310265183592,
      "text" : "@lucio_dimarquensenses dale man",
      "createdAt" : 1509588439000,
      "owner" : {
        "id" : 1206849255,
        "username" : "ivaniraola",
        "profilePicUrl" : "https://instagram.fhel3-1.fna.fbcdn.net/t51.2885-19/s150x150/23279924_1615363481840614_1831205206965092352_n.jpg"
      }
    }, {
      "id" : 17904956419004139,
      "text" : "Kevin dale guacho,no seas tan ortiba viejo dejate de joder 1 filtrito amiguero te pidooo nada maaaaa",
      "createdAt" : 1509588815000,
      "owner" : {
        "id" : 2707127059,
        "username" : "lucifer_dimarquensenses",
        "profilePicUrl" : "https://instagram.fhel3-1.fna.fbcdn.net/t51.2885-19/s150x150/23348047_1161652557312314_3277112995204825088_n.jpg"
      }
    }, {
      "id" : 17890186963083104,
      "text" : "@dudley_boyz_6849",
      "createdAt" : 1510159675000,
      "owner" : {
        "id" : 6005303664,
        "username" : "attitude_khan_and__6894",
        "profilePicUrl" : "https://instagram.fhel3-1.fna.fbcdn.net/t51.2885-19/s150x150/21879437_1398647586920574_5330266594310356992_n.jpg"
      }
    }, {
      "id" : 17907414511019861,
      "text" : "Please help me get my photos back I have send a lot of reports and no one answer me #instagramfailure  Instagram deleted all my photos",
      "createdAt" : 1510443466000,
      "owner" : {
        "id" : 13517066,
        "username" : "malexandrabueno",
        "profilePicUrl" : "https://instagram.fhel3-1.fna.fbcdn.net/t51.2885-19/s150x150/23507616_1568236573239941_1782529698354429952_n.jpg"
      }
    } ],
    "count" : 132,
    "pageInfo" : {
      "hasNextPage" : true,
      "endCursor" : "AQCevACiK8OqBEIOauzs11dVcr0cpnu_alC-_D2CRyT-JEo8kFTwozd8RidbD4FFlQahzAYq6gOO3TLN7Ut78KU2ZL5vCDV7Kio1zjbyMjGr0A"
    }
  },
  "commentsDisabled" : false,
  "captionIsEdited" : false,
  "takenAtTimestamp" : 1507835140000,
  "likeCount" : 5219,
  "firstLikes" : [ {
    "id" : 5723685056,
    "username" : "cicinss1502",
    "profilePicUrl" : "https://instagram.fhel3-1.fna.fbcdn.net/t51.2885-19/s150x150/23421372_534899493542750_8049254439145439232_n.jpg"
  }, {
    "id" : 1938892973,
    "username" : "hojgaard.ceramics",
    "profilePicUrl" : "https://instagram.fhel3-1.fna.fbcdn.net/t51.2885-19/s150x150/22711123_123402751686189_1527231318952247296_n.jpg"
  }, {
    "id" : 3022397109,
    "username" : "mehrab1738",
    "profilePicUrl" : "https://instagram.fhel3-1.fna.fbcdn.net/t51.2885-19/s150x150/23498858_331422577322384_6190922575221096448_n.jpg"
  }, {
    "id" : 1412923830,
    "username" : "irfanputra509",
    "profilePicUrl" : "https://instagram.fhel3-1.fna.fbcdn.net/t51.2885-19/s150x150/22637617_124371308228700_291614582747693056_n.jpg"
  }, {
    "id" : 1125772168,
    "username" : "mrs612mlt",
    "profilePicUrl" : "https://instagram.fhel3-1.fna.fbcdn.net/t51.2885-19/s150x150/17934304_1853209848277934_6386106019663052800_a.jpg"
  }, {
    "id" : 39389701,
    "username" : "vikkiyau",
    "profilePicUrl" : "https://instagram.fhel3-1.fna.fbcdn.net/t51.2885-19/928737_970398569654590_1351219127_a.jpg"
  }, {
    "id" : 5499288168,
    "username" : "wb_malachi",
    "profilePicUrl" : "https://instagram.fhel3-1.fna.fbcdn.net/t51.2885-19/s150x150/22429832_133008537351553_1609272414145871872_n.jpg"
  }, {
    "id" : 3151566785,
    "username" : "adventures_with_ooey",
    "profilePicUrl" : "https://instagram.fhel3-1.fna.fbcdn.net/t51.2885-19/s150x150/22344066_1708588422545071_284749945108430848_n.jpg"
  }, {
    "id" : 429084731,
    "username" : "sscuffed",
    "profilePicUrl" : "https://instagram.fhel3-1.fna.fbcdn.net/t51.2885-19/s150x150/22637089_134598367122124_5248445998442741760_n.jpg"
  }, {
    "id" : 186544851,
    "username" : "johnrussell_salon",
    "profilePicUrl" : "https://instagram.fhel3-1.fna.fbcdn.net/t51.2885-19/s150x150/12747677_1670986566499761_794301384_a.jpg"
  } ],
  "location" : {
    "id" : 26929,
    "name" : "Milk Media",
    "slug" : "milk-media"
  },
  "owner" : {
    "id" : 3,
    "username" : "kevin",
    "fullName" : "Kevin Systrom",
    "isPrivate" : false,
    "isVerified" : true,
    "blockedByViewer" : "false",
    "followedByViewer" : false,
    "hasBlockedViewer" : false,
    "profilePicUrl" : "https://instagram.fhel3-1.fna.fbcdn.net/t51.2885-19/s150x150/13732144_1764457777134045_549538515_a.jpg",
    "requestedByViewer" : false,
    "isUnpublished" : false
  },
  "viewerHasLiked" : false,
  "viewerHasSaved" : false,
  "viewerHasSavedToCollection" : false,
  "isAdvertising" : false,
  "carouselMedia" : [ {
    "shortcode" : "BaKLU3ggZNF",
    "height" : 864,
    "width" : 1080,
    "displayUrl" : "https://instagram.fhel3-1.fna.fbcdn.net/t51.2885-15/e35/22351958_144137916205565_6923513639366295552_n.jpg",
    "displayResources" : [ {
      "src" : "https://instagram.fhel3-1.fna.fbcdn.net/t51.2885-15/s640x640/sh0.08/e35/22351958_144137916205565_6923513639366295552_n.jpg",
      "width" : 640,
      "height" : 512
    }, {
      "src" : "https://instagram.fhel3-1.fna.fbcdn.net/t51.2885-15/s750x750/sh0.08/e35/22351958_144137916205565_6923513639366295552_n.jpg",
      "width" : 750,
      "height" : 600
    }, {
      "src" : "https://instagram.fhel3-1.fna.fbcdn.net/t51.2885-15/e35/22351958_144137916205565_6923513639366295552_n.jpg",
      "width" : 1080,
      "height" : 864
    } ],
    "isVideo" : false,
    "shouldLogClientEvent" : false,
    "trackingToken" : "eyJ2ZXJzaW9uIjo1LCJwYXlsb2FkIjp7ImlzX2FuYWx5dGljc190cmFja2VkIjp0cnVlLCJ1dWlkIjoiZDkwNWNmMjFmZDc3NDQ1ZmJlZjI0MTM3MjBhMzg2YjUxNjI0MTYwNDI4MTIyODA1MDYxIn0sInNpZ25hdHVyZSI6IiJ9"
  }, {
    "shortcode" : "BaKLVBZAFaf",
    "height" : 868,
    "width" : 1080,
    "displayUrl" : "https://instagram.fhel3-1.fna.fbcdn.net/t51.2885-15/e35/22352110_177635979467060_738026920783904768_n.jpg",
    "displayResources" : [ {
      "src" : "https://instagram.fhel3-1.fna.fbcdn.net/t51.2885-15/s640x640/sh0.08/e35/22352110_177635979467060_738026920783904768_n.jpg",
      "width" : 640,
      "height" : 514
    }, {
      "src" : "https://instagram.fhel3-1.fna.fbcdn.net/t51.2885-15/s750x750/sh0.08/e35/22352110_177635979467060_738026920783904768_n.jpg",
      "width" : 750,
      "height" : 602
    }, {
      "src" : "https://instagram.fhel3-1.fna.fbcdn.net/t51.2885-15/e35/22352110_177635979467060_738026920783904768_n.jpg",
      "width" : 1080,
      "height" : 868
    } ],
    "isVideo" : false,
    "shouldLogClientEvent" : false,
    "trackingToken" : "eyJ2ZXJzaW9uIjo1LCJwYXlsb2FkIjp7ImlzX2FuYWx5dGljc190cmFja2VkIjp0cnVlLCJ1dWlkIjoiZDkwNWNmMjFmZDc3NDQ1ZmJlZjI0MTM3MjBhMzg2YjUxNjI0MTYwNDM4NzM0MzEzMTE5In0sInNpZ25hdHVyZSI6IiJ9"
  }, {
    "shortcode" : "BaKLU8YAIiO",
    "height" : 868,
    "width" : 1080,
    "displayUrl" : "https://instagram.fhel3-1.fna.fbcdn.net/t51.2885-15/e35/22352158_840551796104469_8224611081893445632_n.jpg",
    "displayResources" : [ {
      "src" : "https://instagram.fhel3-1.fna.fbcdn.net/t51.2885-15/s640x640/sh0.08/e35/22352158_840551796104469_8224611081893445632_n.jpg",
      "width" : 640,
      "height" : 514
    }, {
      "src" : "https://instagram.fhel3-1.fna.fbcdn.net/t51.2885-15/s750x750/sh0.08/e35/22352158_840551796104469_8224611081893445632_n.jpg",
      "width" : 750,
      "height" : 602
    }, {
      "src" : "https://instagram.fhel3-1.fna.fbcdn.net/t51.2885-15/e35/22352158_840551796104469_8224611081893445632_n.jpg",
      "width" : 1080,
      "height" : 868
    } ],
    "isVideo" : false,
    "shouldLogClientEvent" : false,
    "trackingToken" : "eyJ2ZXJzaW9uIjo1LCJwYXlsb2FkIjp7ImlzX2FuYWx5dGljc190cmFja2VkIjp0cnVlLCJ1dWlkIjoiZDkwNWNmMjFmZDc3NDQ1ZmJlZjI0MTM3MjBhMzg2YjUxNjI0MTYwNDMzMzQ4ODM5NTY2In0sInNpZ25hdHVyZSI6IiJ9"
  }, {
    "shortcode" : "BaKLU-PgHYk",
    "height" : 868,
    "width" : 1080,
    "displayUrl" : "https://instagram.fhel3-1.fna.fbcdn.net/t51.2885-15/e35/22427115_152159245386313_6593256479942246400_n.jpg",
    "displayResources" : [ {
      "src" : "https://instagram.fhel3-1.fna.fbcdn.net/t51.2885-15/s640x640/sh0.08/e35/22427115_152159245386313_6593256479942246400_n.jpg",
      "width" : 640,
      "height" : 514
    }, {
      "src" : "https://instagram.fhel3-1.fna.fbcdn.net/t51.2885-15/s750x750/sh0.08/e35/22427115_152159245386313_6593256479942246400_n.jpg",
      "width" : 750,
      "height" : 602
    }, {
      "src" : "https://instagram.fhel3-1.fna.fbcdn.net/t51.2885-15/e35/22427115_152159245386313_6593256479942246400_n.jpg",
      "width" : 1080,
      "height" : 868
    } ],
    "isVideo" : false,
    "shouldLogClientEvent" : false,
    "trackingToken" : "eyJ2ZXJzaW9uIjo1LCJwYXlsb2FkIjp7ImlzX2FuYWx5dGljc190cmFja2VkIjp0cnVlLCJ1dWlkIjoiZDkwNWNmMjFmZDc3NDQ1ZmJlZjI0MTM3MjBhMzg2YjUxNjI0MTYwNDM1MzUzNzEyMTY0In0sInNpZ25hdHVyZSI6IiJ9"
  } ],
  "taggedUser" : [ ]
}